                  0 UDDDDDDDDDLLLL
                 10 DUDDDDDDDDLLLL
                 20 UUDDDDDDDDLLLL
                 30 DUDDDDDDDDLLLL
                 40 UUDDDDDDDDLLLL
                 50 DUDDDDDDDDLLLL
                 60 UUDDDDDDDDLLLL
                 70 DUDDDDDDDDLLLL
                 80 UUDDDDDDDDLLLL
                 90 DDDDDDDDDDLLLL
                100 UDDDUUUUUDLLLL
                110 DDDDUUUUUDLLLL
                120 UDDDUUUUDDLLLL
                130 DDDDUUUUDDLLLL
                140 UDDUUUDDUDLLLL
                150 DDDUUUDDUDLLLL
                160 UDDUUUDDDDLLLL
                170 DDDUUUDDDDLLLL
                180 UDUDDUDUUDLLLL
                190 DDUDDUDUUDLLLL
                200 UDUDDUDUDDLLLL
                210 DDUDDUDUDDLLLL
                220 UDUUUDUDUDLLLL
                230 DDUUUDUDUDLLLL
                240 UDUUUDUDDDLLLL
                250 DDUUUDUDDDLLLL
                260 UDDDUDUDDUHHHH
                270 DDDDUDUDDUHHHH
                280 UDDDUDUDDDLLLL
                290 DDDDUDUDDDLLLL
                300 UDDUUDUDDUHHLL
                310 DDDUUDUDDUHHLL
                320 UDDUUDUDDDLLLL
                330 DDDUUDUDDDLLLL
                340 UDUDUDUDDULHLH
                350 DDUDUDUDDULHLH
                360 UDUDUDUDDDLLLL
                370 DDUDUDUDDDLLLL
                380 UDUUUDUDDUHLHL
                390 DDUUUDUDDUHLHL
                400 UDUUUDUDDDLLLL
                410 DDUUUDUDDDLLLL
                420 UDDDDDDDDDLLLL
                430 DDDDDDDDDDLLLL
                440 UDDDDDDDDDLLLL
                450 DDDDDDDDDDLLLL
                460 UDDDDDDDDDLLLL
                470 DDDDDDDDDDLLLL
                480 UDDDDDDDDDLLLL
                490 DDDDDDDDDDLLLL
                500 UDDDDDDDDDLLLL
                510 DDDDDDDDDDLLLL
                520 UDDDUUUUUDLLLL
                530 DDDDUUUUUDLLLL
                540 UDDDUUUUDDLLLL
                550 DDDDUUUUDDLLLL
                560 UDDUUUDDUDLLLL
                570 DDDUUUDDUDLLLL
                580 UDDUUUDDDDLLLL
                590 DDDUUUDDDDLLLL
                600 UDUDDUDUUDLLLL
