------------------------------------------------------------
TimeQuest Timing Analyzer Summary
------------------------------------------------------------

Type  : Slow Model Setup 'gen6mhz:inst1|count[2]'
Slack : -4.730
TNS   : -133.206

Type  : Slow Model Setup 'clock_50mhz'
Slack : -0.211
TNS   : -0.211

Type  : Slow Model Hold 'clock_50mhz'
Slack : -2.690
TNS   : -2.690

Type  : Slow Model Hold 'gen6mhz:inst1|count[2]'
Slack : 0.445
TNS   : 0.000

Type  : Slow Model Minimum Pulse Width 'clock_50mhz'
Slack : -1.631
TNS   : -5.297

Type  : Slow Model Minimum Pulse Width 'gen6mhz:inst1|count[2]'
Slack : -0.611
TNS   : -56.212

Type  : Fast Model Setup 'gen6mhz:inst1|count[2]'
Slack : -1.210
TNS   : -26.771

Type  : Fast Model Setup 'clock_50mhz'
Slack : 0.523
TNS   : 0.000

Type  : Fast Model Hold 'clock_50mhz'
Slack : -1.720
TNS   : -1.720

Type  : Fast Model Hold 'gen6mhz:inst1|count[2]'
Slack : 0.215
TNS   : 0.000

Type  : Fast Model Minimum Pulse Width 'clock_50mhz'
Slack : -1.380
TNS   : -4.380

Type  : Fast Model Minimum Pulse Width 'gen6mhz:inst1|count[2]'
Slack : -0.500
TNS   : -46.000

------------------------------------------------------------
