Analysis & Synthesis report for top_de1
Fri Dec 13 20:46:50 2013
Quartus II 64-Bit Version 13.0.1 Build 232 06/12/2013 Service Pack 1 SJ Web Edition


---------------------
; Table of Contents ;
---------------------
  1. Legal Notice
  2. Analysis & Synthesis Summary
  3. Analysis & Synthesis Settings
  4. Parallel Compilation
  5. Analysis & Synthesis Source Files Read
  6. Analysis & Synthesis Resource Usage Summary
  7. Analysis & Synthesis Resource Utilization by Entity
  8. Registers Removed During Synthesis
  9. Removed Registers Triggering Further Register Optimizations
 10. General Register Statistics
 11. Multiplexer Restructuring Statistics (Restructuring Performed)
 12. Parameter Settings for User Entity Instance: gpu:inst2|draw:draw1|draw_sprite:sprite1
 13. Parameter Settings for User Entity Instance: gpu:inst2|vgacontroller:vgacontroller1
 14. Parameter Settings for User Entity Instance: gpu:inst2|spi:spi1
 15. Port Connectivity Checks: "gpu:inst2|decoder:decoder1"
 16. Elapsed Time Per Partition
 17. Analysis & Synthesis Messages



----------------
; Legal Notice ;
----------------
Copyright (C) 1991-2013 Altera Corporation
Your use of Altera Corporation's design tools, logic functions 
and other software and tools, and its AMPP partner logic 
functions, and any output files from any of the foregoing 
(including device programming or simulation files), and any 
associated documentation or information are expressly subject 
to the terms and conditions of the Altera Program License 
Subscription Agreement, Altera MegaCore Function License 
Agreement, or other applicable license agreement, including, 
without limitation, that your use is for the sole purpose of 
programming logic devices manufactured by Altera and sold by 
Altera or its authorized distributors.  Please refer to the 
applicable agreement for further details.



+--------------------------------------------------------------------------------------+
; Analysis & Synthesis Summary                                                         ;
+------------------------------------+-------------------------------------------------+
; Analysis & Synthesis Status        ; Successful - Fri Dec 13 20:46:49 2013           ;
; Quartus II 64-Bit Version          ; 13.0.1 Build 232 06/12/2013 SP 1 SJ Web Edition ;
; Revision Name                      ; top_de1                                         ;
; Top-level Entity Name              ; top_de1                                         ;
; Family                             ; Cyclone II                                      ;
; Total logic elements               ; 595                                             ;
;     Total combinational functions  ; 581                                             ;
;     Dedicated logic registers      ; 158                                             ;
; Total registers                    ; 158                                             ;
; Total pins                         ; 93                                              ;
; Total virtual pins                 ; 0                                               ;
; Total memory bits                  ; 0                                               ;
; Embedded Multiplier 9-bit elements ; 0                                               ;
; Total PLLs                         ; 0                                               ;
+------------------------------------+-------------------------------------------------+


+----------------------------------------------------------------------------------------------------------------------+
; Analysis & Synthesis Settings                                                                                        ;
+----------------------------------------------------------------------------+--------------------+--------------------+
; Option                                                                     ; Setting            ; Default Value      ;
+----------------------------------------------------------------------------+--------------------+--------------------+
; Device                                                                     ; EP2C20F484C7       ;                    ;
; Top-level entity name                                                      ; top_de1            ; top_de1            ;
; Family name                                                                ; Cyclone II         ; Cyclone IV GX      ;
; Use smart compilation                                                      ; On                 ; Off                ;
; Power-Up Don't Care                                                        ; Off                ; On                 ;
; Enable parallel Assembler and TimeQuest Timing Analyzer during compilation ; On                 ; On                 ;
; Enable compact report table                                                ; Off                ; Off                ;
; Restructure Multiplexers                                                   ; Auto               ; Auto               ;
; Create Debugging Nodes for IP Cores                                        ; Off                ; Off                ;
; Preserve fewer node names                                                  ; On                 ; On                 ;
; Disable OpenCore Plus hardware evaluation                                  ; Off                ; Off                ;
; Verilog Version                                                            ; Verilog_2001       ; Verilog_2001       ;
; VHDL Version                                                               ; VHDL_1993          ; VHDL_1993          ;
; State Machine Processing                                                   ; Auto               ; Auto               ;
; Safe State Machine                                                         ; Off                ; Off                ;
; Extract Verilog State Machines                                             ; On                 ; On                 ;
; Extract VHDL State Machines                                                ; On                 ; On                 ;
; Ignore Verilog initial constructs                                          ; Off                ; Off                ;
; Iteration limit for constant Verilog loops                                 ; 5000               ; 5000               ;
; Iteration limit for non-constant Verilog loops                             ; 250                ; 250                ;
; Add Pass-Through Logic to Inferred RAMs                                    ; On                 ; On                 ;
; Infer RAMs from Raw Logic                                                  ; On                 ; On                 ;
; Parallel Synthesis                                                         ; On                 ; On                 ;
; DSP Block Balancing                                                        ; Auto               ; Auto               ;
; NOT Gate Push-Back                                                         ; On                 ; On                 ;
; Remove Redundant Logic Cells                                               ; Off                ; Off                ;
; Remove Duplicate Registers                                                 ; On                 ; On                 ;
; Ignore CARRY Buffers                                                       ; Off                ; Off                ;
; Ignore CASCADE Buffers                                                     ; Off                ; Off                ;
; Ignore GLOBAL Buffers                                                      ; Off                ; Off                ;
; Ignore ROW GLOBAL Buffers                                                  ; Off                ; Off                ;
; Ignore LCELL Buffers                                                       ; Off                ; Off                ;
; Ignore SOFT Buffers                                                        ; On                 ; On                 ;
; Limit AHDL Integers to 32 Bits                                             ; Off                ; Off                ;
; Optimization Technique                                                     ; Balanced           ; Balanced           ;
; Carry Chain Length                                                         ; 70                 ; 70                 ;
; Auto Carry Chains                                                          ; On                 ; On                 ;
; Auto Open-Drain Pins                                                       ; On                 ; On                 ;
; Perform WYSIWYG Primitive Resynthesis                                      ; Off                ; Off                ;
; Auto ROM Replacement                                                       ; On                 ; On                 ;
; Auto RAM Replacement                                                       ; On                 ; On                 ;
; Auto Shift Register Replacement                                            ; Auto               ; Auto               ;
; Allow Shift Register Merging across Hierarchies                            ; Auto               ; Auto               ;
; Auto Clock Enable Replacement                                              ; On                 ; On                 ;
; Strict RAM Replacement                                                     ; Off                ; Off                ;
; Allow Synchronous Control Signals                                          ; On                 ; On                 ;
; Force Use of Synchronous Clear Signals                                     ; Off                ; Off                ;
; Auto RAM to Logic Cell Conversion                                          ; Off                ; Off                ;
; Auto Resource Sharing                                                      ; Off                ; Off                ;
; Allow Any RAM Size For Recognition                                         ; Off                ; Off                ;
; Allow Any ROM Size For Recognition                                         ; Off                ; Off                ;
; Allow Any Shift Register Size For Recognition                              ; Off                ; Off                ;
; Use LogicLock Constraints during Resource Balancing                        ; On                 ; On                 ;
; Ignore translate_off and synthesis_off directives                          ; Off                ; Off                ;
; Timing-Driven Synthesis                                                    ; Off                ; Off                ;
; Report Parameter Settings                                                  ; On                 ; On                 ;
; Report Source Assignments                                                  ; On                 ; On                 ;
; Report Connectivity Checks                                                 ; On                 ; On                 ;
; Ignore Maximum Fan-Out Assignments                                         ; Off                ; Off                ;
; Synchronization Register Chain Length                                      ; 2                  ; 2                  ;
; PowerPlay Power Optimization                                               ; Normal compilation ; Normal compilation ;
; HDL message level                                                          ; Level2             ; Level2             ;
; Suppress Register Optimization Related Messages                            ; Off                ; Off                ;
; Number of Removed Registers Reported in Synthesis Report                   ; 5000               ; 5000               ;
; Number of Swept Nodes Reported in Synthesis Report                         ; 5000               ; 5000               ;
; Number of Inverted Registers Reported in Synthesis Report                  ; 100                ; 100                ;
; Clock MUX Protection                                                       ; On                 ; On                 ;
; Auto Gated Clock Conversion                                                ; Off                ; Off                ;
; Block Design Naming                                                        ; Auto               ; Auto               ;
; SDC constraint protection                                                  ; Off                ; Off                ;
; Synthesis Effort                                                           ; Auto               ; Auto               ;
; Shift Register Replacement - Allow Asynchronous Clear Signal               ; On                 ; On                 ;
; Pre-Mapping Resynthesis Optimization                                       ; Off                ; Off                ;
; Analysis & Synthesis Message Level                                         ; Medium             ; Medium             ;
; Disable Register Merging Across Hierarchies                                ; Auto               ; Auto               ;
; Resource Aware Inference For Block RAM                                     ; On                 ; On                 ;
; Synthesis Seed                                                             ; 1                  ; 1                  ;
+----------------------------------------------------------------------------+--------------------+--------------------+


Parallel compilation was disabled, but you have multiple processors available. Enable parallel compilation to reduce compilation time.
+-------------------------------------+
; Parallel Compilation                ;
+----------------------------+--------+
; Processors                 ; Number ;
+----------------------------+--------+
; Number detected on machine ; 8      ;
; Maximum allowed            ; 1      ;
+----------------------------+--------+


+----------------------------------------------------------------------------------------------------------------------------------------------------------------------------------+
; Analysis & Synthesis Source Files Read                                                                                                                                           ;
+----------------------------------+-----------------+------------------------------------+------------------------------------------------------------------------------+---------+
; File Name with User-Entered Path ; Used in Netlist ; File Type                          ; File Name with Absolute Path                                                 ; Library ;
+----------------------------------+-----------------+------------------------------------+------------------------------------------------------------------------------+---------+
; ../ssegdecoder.vhd               ; yes             ; User VHDL File                     ; C:/Users/Erwin/Documents/GitHub/DaC/hardware/gpu/ssegdecoder.vhd             ;         ;
; ../draw_sprite-behaviour.vhd     ; yes             ; User VHDL File                     ; C:/Users/Erwin/Documents/GitHub/DaC/hardware/gpu/draw_sprite-behaviour.vhd   ;         ;
; ../draw_sprite.vhd               ; yes             ; User VHDL File                     ; C:/Users/Erwin/Documents/GitHub/DaC/hardware/gpu/draw_sprite.vhd             ;         ;
; ../draw_line-behaviour.vhd       ; yes             ; User VHDL File                     ; C:/Users/Erwin/Documents/GitHub/DaC/hardware/gpu/draw_line-behaviour.vhd     ;         ;
; ../draw_line.vhd                 ; yes             ; User VHDL File                     ; C:/Users/Erwin/Documents/GitHub/DaC/hardware/gpu/draw_line.vhd               ;         ;
; ../vgacontroller-behaviour.vhd   ; yes             ; User VHDL File                     ; C:/Users/Erwin/Documents/GitHub/DaC/hardware/gpu/vgacontroller-behaviour.vhd ;         ;
; ../vgacontroller.vhd             ; yes             ; User VHDL File                     ; C:/Users/Erwin/Documents/GitHub/DaC/hardware/gpu/vgacontroller.vhd           ;         ;
; ../spi-behaviour.vhd             ; yes             ; User VHDL File                     ; C:/Users/Erwin/Documents/GitHub/DaC/hardware/gpu/spi-behaviour.vhd           ;         ;
; ../spi.vhd                       ; yes             ; User VHDL File                     ; C:/Users/Erwin/Documents/GitHub/DaC/hardware/gpu/spi.vhd                     ;         ;
; ../ramcontroller-behaviour.vhd   ; yes             ; User VHDL File                     ; C:/Users/Erwin/Documents/GitHub/DaC/hardware/gpu/ramcontroller-behaviour.vhd ;         ;
; ../ramcontroller.vhd             ; yes             ; User VHDL File                     ; C:/Users/Erwin/Documents/GitHub/DaC/hardware/gpu/ramcontroller.vhd           ;         ;
; ../parameter_def_pkg.vhd         ; yes             ; User VHDL File                     ; C:/Users/Erwin/Documents/GitHub/DaC/hardware/gpu/parameter_def_pkg.vhd       ;         ;
; ../gpu-structural.vhd            ; yes             ; User VHDL File                     ; C:/Users/Erwin/Documents/GitHub/DaC/hardware/gpu/gpu-structural.vhd          ;         ;
; ../gpu.vhd                       ; yes             ; User VHDL File                     ; C:/Users/Erwin/Documents/GitHub/DaC/hardware/gpu/gpu.vhd                     ;         ;
; ../draw-structural.vhd           ; yes             ; User VHDL File                     ; C:/Users/Erwin/Documents/GitHub/DaC/hardware/gpu/draw-structural.vhd         ;         ;
; ../draw_rect-behaviour.vhd       ; yes             ; User VHDL File                     ; C:/Users/Erwin/Documents/GitHub/DaC/hardware/gpu/draw_rect-behaviour.vhd     ;         ;
; ../draw_rect.vhd                 ; yes             ; User VHDL File                     ; C:/Users/Erwin/Documents/GitHub/DaC/hardware/gpu/draw_rect.vhd               ;         ;
; ../draw_pixel-behaviour.vhd      ; yes             ; User VHDL File                     ; C:/Users/Erwin/Documents/GitHub/DaC/hardware/gpu/draw_pixel-behaviour.vhd    ;         ;
; ../draw_pixel.vhd                ; yes             ; User VHDL File                     ; C:/Users/Erwin/Documents/GitHub/DaC/hardware/gpu/draw_pixel.vhd              ;         ;
; ../draw.vhd                      ; yes             ; User VHDL File                     ; C:/Users/Erwin/Documents/GitHub/DaC/hardware/gpu/draw.vhd                    ;         ;
; ../decoder-behaviour.vhd         ; yes             ; User VHDL File                     ; C:/Users/Erwin/Documents/GitHub/DaC/hardware/gpu/decoder-behaviour.vhd       ;         ;
; ../decoder.vhd                   ; yes             ; User VHDL File                     ; C:/Users/Erwin/Documents/GitHub/DaC/hardware/gpu/decoder.vhd                 ;         ;
; pre_vga_dac_4.vhd                ; yes             ; User VHDL File                     ; C:/Users/Erwin/Documents/GitHub/DaC/hardware/gpu/quartus/pre_vga_dac_4.vhd   ;         ;
; gen6mhz.vhd                      ; yes             ; User VHDL File                     ; C:/Users/Erwin/Documents/GitHub/DaC/hardware/gpu/quartus/gen6mhz.vhd         ;         ;
; top_de1.bdf                      ; yes             ; User Block Diagram/Schematic File  ; C:/Users/Erwin/Documents/GitHub/DaC/hardware/gpu/quartus/top_de1.bdf         ;         ;
+----------------------------------+-----------------+------------------------------------+------------------------------------------------------------------------------+---------+


+----------------------------------------------------------------------+
; Analysis & Synthesis Resource Usage Summary                          ;
+---------------------------------------------+------------------------+
; Resource                                    ; Usage                  ;
+---------------------------------------------+------------------------+
; Estimated Total logic elements              ; 595                    ;
;                                             ;                        ;
; Total combinational functions               ; 581                    ;
; Logic element usage by number of LUT inputs ;                        ;
;     -- 4 input functions                    ; 250                    ;
;     -- 3 input functions                    ; 205                    ;
;     -- <=2 input functions                  ; 126                    ;
;                                             ;                        ;
; Logic elements by mode                      ;                        ;
;     -- normal mode                          ; 424                    ;
;     -- arithmetic mode                      ; 157                    ;
;                                             ;                        ;
; Total registers                             ; 158                    ;
;     -- Dedicated logic registers            ; 158                    ;
;     -- I/O registers                        ; 0                      ;
;                                             ;                        ;
; I/O pins                                    ; 93                     ;
; Embedded Multiplier 9-bit elements          ; 0                      ;
; Maximum fan-out node                        ; gen6mhz:inst1|count[2] ;
; Maximum fan-out                             ; 157                    ;
; Total fan-out                               ; 2481                   ;
; Average fan-out                             ; 2.98                   ;
+---------------------------------------------+------------------------+


+-------------------------------------------------------------------------------------------------------------------------------------------------------------------------------------------------------------------+
; Analysis & Synthesis Resource Utilization by Entity                                                                                                                                                               ;
+--------------------------------------+-------------------+--------------+-------------+--------------+---------+-----------+------+--------------+-------------------------------------------------+--------------+
; Compilation Hierarchy Node           ; LC Combinationals ; LC Registers ; Memory Bits ; DSP Elements ; DSP 9x9 ; DSP 18x18 ; Pins ; Virtual Pins ; Full Hierarchy Name                             ; Library Name ;
+--------------------------------------+-------------------+--------------+-------------+--------------+---------+-----------+------+--------------+-------------------------------------------------+--------------+
; |top_de1                             ; 581 (3)           ; 158 (0)      ; 0           ; 0            ; 0       ; 0         ; 93   ; 0            ; |top_de1                                        ; work         ;
;    |gen6mhz:inst1|                   ; 3 (3)             ; 3 (3)        ; 0           ; 0            ; 0       ; 0         ; 0    ; 0            ; |top_de1|gen6mhz:inst1                          ; work         ;
;    |gpu:inst2|                       ; 537 (0)           ; 155 (0)      ; 0           ; 0            ; 0       ; 0         ; 0    ; 0            ; |top_de1|gpu:inst2                              ; work         ;
;       |decoder:decoder1|             ; 125 (125)         ; 81 (81)      ; 0           ; 0            ; 0       ; 0         ; 0    ; 0            ; |top_de1|gpu:inst2|decoder:decoder1             ; work         ;
;       |draw:draw1|                   ; 310 (2)           ; 44 (0)       ; 0           ; 0            ; 0       ; 0         ; 0    ; 0            ; |top_de1|gpu:inst2|draw:draw1                   ; work         ;
;          |draw_line:line1|           ; 212 (212)         ; 26 (26)      ; 0           ; 0            ; 0       ; 0         ; 0    ; 0            ; |top_de1|gpu:inst2|draw:draw1|draw_line:line1   ; work         ;
;          |draw_pixel:pixel1|         ; 17 (17)           ; 1 (1)        ; 0           ; 0            ; 0       ; 0         ; 0    ; 0            ; |top_de1|gpu:inst2|draw:draw1|draw_pixel:pixel1 ; work         ;
;          |draw_rect:rect1|           ; 79 (79)           ; 17 (17)      ; 0           ; 0            ; 0       ; 0         ; 0    ; 0            ; |top_de1|gpu:inst2|draw:draw1|draw_rect:rect1   ; work         ;
;       |ramcontroller:ramcontroller1| ; 4 (4)             ; 0 (0)        ; 0           ; 0            ; 0       ; 0         ; 0    ; 0            ; |top_de1|gpu:inst2|ramcontroller:ramcontroller1 ; work         ;
;       |spi:spi1|                     ; 14 (14)           ; 12 (12)      ; 0           ; 0            ; 0       ; 0         ; 0    ; 0            ; |top_de1|gpu:inst2|spi:spi1                     ; work         ;
;       |vgacontroller:vgacontroller1| ; 84 (84)           ; 18 (18)      ; 0           ; 0            ; 0       ; 0         ; 0    ; 0            ; |top_de1|gpu:inst2|vgacontroller:vgacontroller1 ; work         ;
;    |pre_vga_dac_4:inst|              ; 6 (6)             ; 0 (0)        ; 0           ; 0            ; 0       ; 0         ; 0    ; 0            ; |top_de1|pre_vga_dac_4:inst                     ; work         ;
;    |ssegdecoder:inst4|               ; 32 (32)           ; 0 (0)        ; 0           ; 0            ; 0       ; 0         ; 0    ; 0            ; |top_de1|ssegdecoder:inst4                      ; work         ;
+--------------------------------------+-------------------+--------------+-------------+--------------+---------+-----------+------+--------------+-------------------------------------------------+--------------+
Note: For table entries with two numbers listed, the numbers in parentheses indicate the number of resources of the given type used by the specific entity alone. The numbers listed outside of parentheses indicate the total resources of the given type used by the specific entity and all of its sub-entities in the hierarchy.


+----------------------------------------------------------------------------------------------------------------------------+
; Registers Removed During Synthesis                                                                                         ;
+---------------------------------------------------------+------------------------------------------------------------------+
; Register name                                           ; Reason for Removal                                               ;
+---------------------------------------------------------+------------------------------------------------------------------+
; gpu:inst2|decoder:decoder1|id[0..8]                     ; Merged with gpu:inst2|decoder:decoder1|id[9]                     ;
; gpu:inst2|decoder:decoder1|id[9]                        ; Stuck at GND due to stuck port data_in                           ;
; gpu:inst2|decoder:decoder1|en[4]                        ; Stuck at GND due to stuck port data_in                           ;
; gpu:inst2|draw:draw1|draw_sprite:sprite1|data_reg[0..5] ; Lost fanout                                                      ;
; gpu:inst2|draw:draw1|draw_sprite:sprite1|dcounter[0]    ; Lost fanout                                                      ;
; gpu:inst2|draw:draw1|draw_sprite:sprite1|almost_done    ; Lost fanout                                                      ;
; gpu:inst2|draw:draw1|draw_sprite:sprite1|started        ; Lost fanout                                                      ;
; gpu:inst2|draw:draw1|draw_sprite:sprite1|counter[0..5]  ; Stuck at GND due to stuck port data_in                           ;
; gpu:inst2|draw:draw1|draw_sprite:sprite1|cx[0..7]       ; Stuck at GND due to stuck port data_in                           ;
; gpu:inst2|draw:draw1|draw_sprite:sprite1|cy[0..6]       ; Stuck at GND due to stuck port data_in                           ;
; gpu:inst2|decoder:decoder1|current_instruction[3]       ; Stuck at GND due to stuck port data_in                           ;
; gpu:inst2|draw:draw1|draw_sprite:sprite1|dcounter[2]    ; Merged with gpu:inst2|draw:draw1|draw_sprite:sprite1|dcounter[1] ;
; gpu:inst2|draw:draw1|draw_sprite:sprite1|dcounter[1]    ; Lost fanout                                                      ;
; Total Number of Removed Registers = 44                  ;                                                                  ;
+---------------------------------------------------------+------------------------------------------------------------------+


+----------------------------------------------------------------------------------------------------------------------+
; Removed Registers Triggering Further Register Optimizations                                                          ;
+----------------------------------+---------------------------+-------------------------------------------------------+
; Register name                    ; Reason for Removal        ; Registers Removed due to This Register                ;
+----------------------------------+---------------------------+-------------------------------------------------------+
; gpu:inst2|decoder:decoder1|en[4] ; Stuck at GND              ; gpu:inst2|draw:draw1|draw_sprite:sprite1|dcounter[0], ;
;                                  ; due to stuck port data_in ; gpu:inst2|draw:draw1|draw_sprite:sprite1|almost_done, ;
;                                  ;                           ; gpu:inst2|draw:draw1|draw_sprite:sprite1|started,     ;
;                                  ;                           ; gpu:inst2|draw:draw1|draw_sprite:sprite1|counter[5],  ;
;                                  ;                           ; gpu:inst2|draw:draw1|draw_sprite:sprite1|counter[4],  ;
;                                  ;                           ; gpu:inst2|draw:draw1|draw_sprite:sprite1|counter[3],  ;
;                                  ;                           ; gpu:inst2|draw:draw1|draw_sprite:sprite1|counter[2],  ;
;                                  ;                           ; gpu:inst2|draw:draw1|draw_sprite:sprite1|counter[1],  ;
;                                  ;                           ; gpu:inst2|draw:draw1|draw_sprite:sprite1|counter[0],  ;
;                                  ;                           ; gpu:inst2|draw:draw1|draw_sprite:sprite1|cx[5],       ;
;                                  ;                           ; gpu:inst2|draw:draw1|draw_sprite:sprite1|cx[4],       ;
;                                  ;                           ; gpu:inst2|draw:draw1|draw_sprite:sprite1|cx[3],       ;
;                                  ;                           ; gpu:inst2|draw:draw1|draw_sprite:sprite1|cx[2],       ;
;                                  ;                           ; gpu:inst2|draw:draw1|draw_sprite:sprite1|cx[1],       ;
;                                  ;                           ; gpu:inst2|draw:draw1|draw_sprite:sprite1|cx[0],       ;
;                                  ;                           ; gpu:inst2|draw:draw1|draw_sprite:sprite1|cy[6],       ;
;                                  ;                           ; gpu:inst2|draw:draw1|draw_sprite:sprite1|cy[5],       ;
;                                  ;                           ; gpu:inst2|draw:draw1|draw_sprite:sprite1|cy[4],       ;
;                                  ;                           ; gpu:inst2|draw:draw1|draw_sprite:sprite1|cy[3],       ;
;                                  ;                           ; gpu:inst2|draw:draw1|draw_sprite:sprite1|cy[2],       ;
;                                  ;                           ; gpu:inst2|draw:draw1|draw_sprite:sprite1|cy[1],       ;
;                                  ;                           ; gpu:inst2|draw:draw1|draw_sprite:sprite1|cy[0],       ;
;                                  ;                           ; gpu:inst2|draw:draw1|draw_sprite:sprite1|dcounter[1]  ;
+----------------------------------+---------------------------+-------------------------------------------------------+


+------------------------------------------------------+
; General Register Statistics                          ;
+----------------------------------------------+-------+
; Statistic                                    ; Value ;
+----------------------------------------------+-------+
; Total registers                              ; 158   ;
; Number of registers using Synchronous Clear  ; 76    ;
; Number of registers using Synchronous Load   ; 9     ;
; Number of registers using Asynchronous Clear ; 0     ;
; Number of registers using Asynchronous Load  ; 0     ;
; Number of registers using Clock Enable       ; 119   ;
; Number of registers using Preset             ; 0     ;
+----------------------------------------------+-------+


+-----------------------------------------------------------------------------------------------------------------------------------------------------------------------------+
; Multiplexer Restructuring Statistics (Restructuring Performed)                                                                                                              ;
+--------------------+-----------+---------------+----------------------+------------------------+------------+---------------------------------------------------------------+
; Multiplexer Inputs ; Bus Width ; Baseline Area ; Area if Restructured ; Saving if Restructured ; Registered ; Example Multiplexer Output                                    ;
+--------------------+-----------+---------------+----------------------+------------------------+------------+---------------------------------------------------------------+
; 3:1                ; 8 bits    ; 16 LEs        ; 8 LEs                ; 8 LEs                  ; Yes        ; |top_de1|gpu:inst2|spi:spi1|spi_rx_data[2]                    ;
; 4:1                ; 3 bits    ; 6 LEs         ; 3 LEs                ; 3 LEs                  ; Yes        ; |top_de1|gpu:inst2|spi:spi1|index[0]                          ;
; 4:1                ; 3 bits    ; 6 LEs         ; 6 LEs                ; 0 LEs                  ; Yes        ; |top_de1|gpu:inst2|vgacontroller:vgacontroller1|v_count[0]    ;
; 6:1                ; 3 bits    ; 12 LEs        ; 9 LEs                ; 3 LEs                  ; Yes        ; |top_de1|gpu:inst2|draw:draw1|draw_sprite:sprite1|dcounter[2] ;
; 6:1                ; 32 bits   ; 128 LEs       ; 32 LEs               ; 96 LEs                 ; Yes        ; |top_de1|gpu:inst2|decoder:decoder1|timeout_count[1]          ;
; 7:1                ; 12 bits   ; 48 LEs        ; 12 LEs               ; 36 LEs                 ; Yes        ; |top_de1|gpu:inst2|draw:draw1|draw_sprite:sprite1|counter[2]  ;
; 7:1                ; 7 bits    ; 28 LEs        ; 14 LEs               ; 14 LEs                 ; Yes        ; |top_de1|gpu:inst2|draw:draw1|draw_sprite:sprite1|cy[4]       ;
; 7:1                ; 8 bits    ; 32 LEs        ; 16 LEs               ; 16 LEs                 ; Yes        ; |top_de1|gpu:inst2|draw:draw1|draw_sprite:sprite1|cx[2]       ;
; 9:1                ; 10 bits   ; 60 LEs        ; 30 LEs               ; 30 LEs                 ; Yes        ; |top_de1|gpu:inst2|draw:draw1|draw_line:line1|err[5]          ;
; 9:1                ; 8 bits    ; 48 LEs        ; 8 LEs                ; 40 LEs                 ; Yes        ; |top_de1|gpu:inst2|decoder:decoder1|w[3]                      ;
; 21:1               ; 3 bits    ; 42 LEs        ; 3 LEs                ; 39 LEs                 ; Yes        ; |top_de1|gpu:inst2|decoder:decoder1|packet_num[0]             ;
; 3:1                ; 8 bits    ; 16 LEs        ; 16 LEs               ; 0 LEs                  ; Yes        ; |top_de1|gpu:inst2|vgacontroller:vgacontroller1|h_count[6]    ;
; 4:1                ; 7 bits    ; 14 LEs        ; 14 LEs               ; 0 LEs                  ; Yes        ; |top_de1|gpu:inst2|vgacontroller:vgacontroller1|v_count[4]    ;
; 6:1                ; 7 bits    ; 28 LEs        ; 21 LEs               ; 7 LEs                  ; Yes        ; |top_de1|gpu:inst2|draw:draw1|draw_rect:rect1|cy[1]           ;
; 16:1               ; 6 bits    ; 60 LEs        ; 12 LEs               ; 48 LEs                 ; Yes        ; |top_de1|gpu:inst2|decoder:decoder1|color[0]                  ;
; 17:1               ; 6 bits    ; 66 LEs        ; 12 LEs               ; 54 LEs                 ; Yes        ; |top_de1|gpu:inst2|decoder:decoder1|h[2]                      ;
; 16:1               ; 7 bits    ; 70 LEs        ; 14 LEs               ; 56 LEs                 ; Yes        ; |top_de1|gpu:inst2|decoder:decoder1|y[1]                      ;
; 8:1                ; 8 bits    ; 40 LEs        ; 24 LEs               ; 16 LEs                 ; Yes        ; |top_de1|gpu:inst2|draw:draw1|draw_rect:rect1|cx[4]           ;
; 8:1                ; 8 bits    ; 40 LEs        ; 16 LEs               ; 24 LEs                 ; Yes        ; |top_de1|gpu:inst2|draw:draw1|draw_line:line1|cx[3]           ;
; 17:1               ; 8 bits    ; 88 LEs        ; 16 LEs               ; 72 LEs                 ; Yes        ; |top_de1|gpu:inst2|decoder:decoder1|x[2]                      ;
; 9:1                ; 7 bits    ; 42 LEs        ; 14 LEs               ; 28 LEs                 ; Yes        ; |top_de1|gpu:inst2|draw:draw1|draw_line:line1|cy[5]           ;
; 3:1                ; 2 bits    ; 4 LEs         ; 2 LEs                ; 2 LEs                  ; No         ; |top_de1|gpu:inst2|draw:draw1|draw_line:line1|draw_write      ;
; 4:1                ; 2 bits    ; 4 LEs         ; 2 LEs                ; 2 LEs                  ; No         ; |top_de1|gpu:inst2|draw:draw1|draw_sprite:sprite1|done        ;
+--------------------+-----------+---------------+----------------------+------------------------+------------+---------------------------------------------------------------+


+---------------------------------------------------------------------------------------+
; Parameter Settings for User Entity Instance: gpu:inst2|draw:draw1|draw_sprite:sprite1 ;
+----------------+-------+--------------------------------------------------------------+
; Parameter Name ; Value ; Type                                                         ;
+----------------+-------+--------------------------------------------------------------+
; SizeDCounter   ; 3     ; Signed Integer                                               ;
; DCounterMax    ; 6     ; Signed Integer                                               ;
; DCounterStart  ; 6     ; Signed Integer                                               ;
+----------------+-------+--------------------------------------------------------------+
Note: In order to hide this table in the UI and the text report file, please set the "Show Parameter Settings in Synthesis Report" option in "Analysis and Synthesis Settings -> More Settings" to "Off".


+-------------------------------------------------------------------------------------+
; Parameter Settings for User Entity Instance: gpu:inst2|vgacontroller:vgacontroller1 ;
+----------------+-------+------------------------------------------------------------+
; Parameter Name ; Value ; Type                                                       ;
+----------------+-------+------------------------------------------------------------+
; h_pulse        ; 24    ; Signed Integer                                             ;
; h_bp           ; 12    ; Signed Integer                                             ;
; h_pixels       ; 160   ; Signed Integer                                             ;
; h_fp           ; 4     ; Signed Integer                                             ;
; h_pol          ; '0'   ; Enumerated                                                 ;
; v_pulse        ; 2     ; Signed Integer                                             ;
; v_bp           ; 33    ; Signed Integer                                             ;
; v_pixels       ; 480   ; Signed Integer                                             ;
; v_fp           ; 10    ; Signed Integer                                             ;
; v_pol          ; '0'   ; Enumerated                                                 ;
+----------------+-------+------------------------------------------------------------+
Note: In order to hide this table in the UI and the text report file, please set the "Show Parameter Settings in Synthesis Report" option in "Analysis and Synthesis Settings -> More Settings" to "Off".


+-----------------------------------------------------------------+
; Parameter Settings for User Entity Instance: gpu:inst2|spi:spi1 ;
+----------------+-------+----------------------------------------+
; Parameter Name ; Value ; Type                                   ;
+----------------+-------+----------------------------------------+
; c              ; 3     ; Signed Integer                         ;
+----------------+-------+----------------------------------------+
Note: In order to hide this table in the UI and the text report file, please set the "Show Parameter Settings in Synthesis Report" option in "Analysis and Synthesis Settings -> More Settings" to "Off".


+----------------------------------------------------------------------------------------------------------------------+
; Port Connectivity Checks: "gpu:inst2|decoder:decoder1"                                                               ;
+------------+--------+----------+-------------------------------------------------------------------------------------+
; Port       ; Type   ; Severity ; Details                                                                             ;
+------------+--------+----------+-------------------------------------------------------------------------------------+
; soft_reset ; Output ; Info     ; Connected to dangling logic. Logic that only feeds a dangling port will be removed. ;
+------------+--------+----------+-------------------------------------------------------------------------------------+


+-------------------------------+
; Elapsed Time Per Partition    ;
+----------------+--------------+
; Partition Name ; Elapsed Time ;
+----------------+--------------+
; Top            ; 00:00:04     ;
+----------------+--------------+


+-------------------------------+
; Analysis & Synthesis Messages ;
+-------------------------------+
Info: *******************************************************************
Info: Running Quartus II 64-Bit Analysis & Synthesis
    Info: Version 13.0.1 Build 232 06/12/2013 Service Pack 1 SJ Web Edition
    Info: Processing started: Fri Dec 13 20:46:43 2013
Info: Command: quartus_map --read_settings_files=on --write_settings_files=off de1 -c top_de1
Warning (20028): Parallel compilation is not licensed and has been disabled
Info (12021): Found 2 design units, including 1 entities, in source file /users/erwin/documents/github/dac/hardware/gpu/ssegdecoder.vhd
    Info (12022): Found design unit 1: ssegdecoder-Behavioral
    Info (12023): Found entity 1: ssegdecoder
Info (12021): Found 1 design units, including 0 entities, in source file /users/erwin/documents/github/dac/hardware/gpu/draw_sprite-behaviour.vhd
    Info (12022): Found design unit 1: draw_sprite-behaviour
Info (12021): Found 1 design units, including 1 entities, in source file /users/erwin/documents/github/dac/hardware/gpu/draw_sprite.vhd
    Info (12023): Found entity 1: draw_sprite
Info (12021): Found 1 design units, including 0 entities, in source file /users/erwin/documents/github/dac/hardware/gpu/draw_line-behaviour.vhd
    Info (12022): Found design unit 1: draw_line-behaviour
Info (12021): Found 1 design units, including 1 entities, in source file /users/erwin/documents/github/dac/hardware/gpu/draw_line.vhd
    Info (12023): Found entity 1: draw_line
Info (12021): Found 1 design units, including 0 entities, in source file /users/erwin/documents/github/dac/hardware/gpu/vgacontroller-behaviour.vhd
    Info (12022): Found design unit 1: vgacontroller-behaviour
Info (12021): Found 1 design units, including 1 entities, in source file /users/erwin/documents/github/dac/hardware/gpu/vgacontroller.vhd
    Info (12023): Found entity 1: vgacontroller
Info (12021): Found 2 design units, including 1 entities, in source file /users/erwin/documents/github/dac/hardware/gpu/sram.vhd
    Info (12022): Found design unit 1: sram-behavior
    Info (12023): Found entity 1: sram
Info (12021): Found 1 design units, including 0 entities, in source file /users/erwin/documents/github/dac/hardware/gpu/spi-behaviour.vhd
    Info (12022): Found design unit 1: spi-behaviour
Info (12021): Found 1 design units, including 1 entities, in source file /users/erwin/documents/github/dac/hardware/gpu/spi.vhd
    Info (12023): Found entity 1: spi
Info (12021): Found 1 design units, including 0 entities, in source file /users/erwin/documents/github/dac/hardware/gpu/ramcontroller-behaviour.vhd
    Info (12022): Found design unit 1: ramcontroller-behaviour
Info (12021): Found 1 design units, including 1 entities, in source file /users/erwin/documents/github/dac/hardware/gpu/ramcontroller.vhd
    Info (12023): Found entity 1: ramcontroller
Info (12021): Found 2 design units, including 0 entities, in source file /users/erwin/documents/github/dac/hardware/gpu/parameter_def_pkg.vhd
    Info (12022): Found design unit 1: parameter_def
    Info (12022): Found design unit 2: parameter_def-body
Info (12021): Found 1 design units, including 0 entities, in source file /users/erwin/documents/github/dac/hardware/gpu/gpu-structural.vhd
    Info (12022): Found design unit 1: gpu-structural
Info (12021): Found 1 design units, including 1 entities, in source file /users/erwin/documents/github/dac/hardware/gpu/gpu.vhd
    Info (12023): Found entity 1: gpu
Info (12021): Found 1 design units, including 0 entities, in source file /users/erwin/documents/github/dac/hardware/gpu/draw-structural.vhd
    Info (12022): Found design unit 1: draw-structural
Info (12021): Found 1 design units, including 0 entities, in source file /users/erwin/documents/github/dac/hardware/gpu/draw_rect-behaviour.vhd
    Info (12022): Found design unit 1: draw_rect-behaviour
Info (12021): Found 1 design units, including 1 entities, in source file /users/erwin/documents/github/dac/hardware/gpu/draw_rect.vhd
    Info (12023): Found entity 1: draw_rect
Info (12021): Found 1 design units, including 0 entities, in source file /users/erwin/documents/github/dac/hardware/gpu/draw_pixel-behaviour.vhd
    Info (12022): Found design unit 1: draw_pixel-behaviour
Info (12021): Found 1 design units, including 1 entities, in source file /users/erwin/documents/github/dac/hardware/gpu/draw_pixel.vhd
    Info (12023): Found entity 1: draw_pixel
Info (12021): Found 1 design units, including 1 entities, in source file /users/erwin/documents/github/dac/hardware/gpu/draw.vhd
    Info (12023): Found entity 1: draw
Info (12021): Found 1 design units, including 0 entities, in source file /users/erwin/documents/github/dac/hardware/gpu/decoder-behaviour.vhd
    Info (12022): Found design unit 1: decoder-behaviour
Info (12021): Found 1 design units, including 1 entities, in source file /users/erwin/documents/github/dac/hardware/gpu/decoder.vhd
    Info (12023): Found entity 1: decoder
Info (12021): Found 2 design units, including 1 entities, in source file pre_vga_dac_4.vhd
    Info (12022): Found design unit 1: pre_vga_dac_4-signal_flow
    Info (12023): Found entity 1: pre_vga_dac_4
Info (12021): Found 2 design units, including 1 entities, in source file gen6mhz.vhd
    Info (12022): Found design unit 1: gen6mhz-behaviour
    Info (12023): Found entity 1: gen6mhz
Info (12021): Found 1 design units, including 1 entities, in source file top_de1.bdf
    Info (12023): Found entity 1: top_de1
Info (12127): Elaborating entity "top_de1" for the top level hierarchy
Info (12128): Elaborating entity "gpu" for hierarchy "gpu:inst2"
Warning (10036): Verilog HDL or VHDL warning at gpu-structural.vhd(118): object "sreset" assigned a value but never read
Info (12128): Elaborating entity "draw" for hierarchy "gpu:inst2|draw:draw1"
Info (12128): Elaborating entity "draw_pixel" for hierarchy "gpu:inst2|draw:draw1|draw_pixel:pixel1"
Info (12128): Elaborating entity "draw_rect" for hierarchy "gpu:inst2|draw:draw1|draw_rect:rect1"
Info (12128): Elaborating entity "draw_line" for hierarchy "gpu:inst2|draw:draw1|draw_line:line1"
Info (12128): Elaborating entity "draw_sprite" for hierarchy "gpu:inst2|draw:draw1|draw_sprite:sprite1"
Info (12128): Elaborating entity "decoder" for hierarchy "gpu:inst2|decoder:decoder1"
Info (12128): Elaborating entity "ramcontroller" for hierarchy "gpu:inst2|ramcontroller:ramcontroller1"
Info (12128): Elaborating entity "vgacontroller" for hierarchy "gpu:inst2|vgacontroller:vgacontroller1"
Info (12128): Elaborating entity "spi" for hierarchy "gpu:inst2|spi:spi1"
Info (12128): Elaborating entity "gen6mhz" for hierarchy "gen6mhz:inst1"
Info (12128): Elaborating entity "ssegdecoder" for hierarchy "ssegdecoder:inst4"
Info (12128): Elaborating entity "pre_vga_dac_4" for hierarchy "pre_vga_dac_4:inst"
Warning (13027): Removed fan-outs from the following always-disabled I/O buffers
    Warning (13028): Removed fan-out from the always-disabled I/O buffer "gpu:inst2|draw:draw1|draw_sprite:sprite1|ramaddr[15]" to the node "RAMADDR[15]"
    Warning (13028): Removed fan-out from the always-disabled I/O buffer "gpu:inst2|decoder:decoder1|ramaddr[5]" to the node "RAMADDR[5]"
    Warning (13028): Removed fan-out from the always-disabled I/O buffer "gpu:inst2|decoder:decoder1|ramaddr[4]" to the node "RAMADDR[4]"
    Warning (13028): Removed fan-out from the always-disabled I/O buffer "gpu:inst2|decoder:decoder1|ramaddr[3]" to the node "RAMADDR[3]"
    Warning (13028): Removed fan-out from the always-disabled I/O buffer "gpu:inst2|decoder:decoder1|ramaddr[2]" to the node "RAMADDR[2]"
    Warning (13028): Removed fan-out from the always-disabled I/O buffer "gpu:inst2|decoder:decoder1|ramaddr[1]" to the node "RAMADDR[1]"
    Warning (13028): Removed fan-out from the always-disabled I/O buffer "gpu:inst2|decoder:decoder1|ramaddr[0]" to the node "RAMADDR[0]"
    Warning (13028): Removed fan-out from the always-disabled I/O buffer "gpu:inst2|draw:draw1|draw_sprite:sprite1|ramdata[5]" to the node "RAMDATA[5]"
    Warning (13028): Removed fan-out from the always-disabled I/O buffer "gpu:inst2|draw:draw1|draw_sprite:sprite1|ramdata[4]" to the node "RAMDATA[4]"
    Warning (13028): Removed fan-out from the always-disabled I/O buffer "gpu:inst2|draw:draw1|draw_sprite:sprite1|ramdata[3]" to the node "RAMDATA[3]"
    Warning (13028): Removed fan-out from the always-disabled I/O buffer "gpu:inst2|draw:draw1|draw_sprite:sprite1|ramdata[2]" to the node "RAMDATA[2]"
    Warning (13028): Removed fan-out from the always-disabled I/O buffer "gpu:inst2|draw:draw1|draw_sprite:sprite1|ramdata[1]" to the node "RAMDATA[1]"
    Warning (13028): Removed fan-out from the always-disabled I/O buffer "gpu:inst2|draw:draw1|draw_sprite:sprite1|ramdata[0]" to the node "RAMDATA[0]"
    Warning (13028): Removed fan-out from the always-disabled I/O buffer "gpu:inst2|decoder:decoder1|ramaddr[15]" to the node "RAMADDR[15]"
    Warning (13028): Removed fan-out from the always-disabled I/O buffer "gpu:inst2|decoder:decoder1|ramaddr[14]" to the node "RAMADDR[14]"
    Warning (13028): Removed fan-out from the always-disabled I/O buffer "gpu:inst2|draw:draw1|draw_sprite:sprite1|ramaddr[14]" to the node "RAMADDR[14]"
    Warning (13028): Removed fan-out from the always-disabled I/O buffer "gpu:inst2|decoder:decoder1|ramaddr[13]" to the node "RAMADDR[13]"
    Warning (13028): Removed fan-out from the always-disabled I/O buffer "gpu:inst2|draw:draw1|draw_sprite:sprite1|ramaddr[13]" to the node "RAMADDR[13]"
    Warning (13028): Removed fan-out from the always-disabled I/O buffer "gpu:inst2|decoder:decoder1|ramaddr[12]" to the node "RAMADDR[12]"
    Warning (13028): Removed fan-out from the always-disabled I/O buffer "gpu:inst2|draw:draw1|draw_sprite:sprite1|ramaddr[12]" to the node "RAMADDR[12]"
    Warning (13028): Removed fan-out from the always-disabled I/O buffer "gpu:inst2|decoder:decoder1|ramaddr[11]" to the node "RAMADDR[11]"
    Warning (13028): Removed fan-out from the always-disabled I/O buffer "gpu:inst2|draw:draw1|draw_sprite:sprite1|ramaddr[11]" to the node "RAMADDR[11]"
    Warning (13028): Removed fan-out from the always-disabled I/O buffer "gpu:inst2|decoder:decoder1|ramaddr[10]" to the node "RAMADDR[10]"
    Warning (13028): Removed fan-out from the always-disabled I/O buffer "gpu:inst2|draw:draw1|draw_sprite:sprite1|ramaddr[10]" to the node "RAMADDR[10]"
    Warning (13028): Removed fan-out from the always-disabled I/O buffer "gpu:inst2|decoder:decoder1|ramaddr[9]" to the node "RAMADDR[9]"
    Warning (13028): Removed fan-out from the always-disabled I/O buffer "gpu:inst2|draw:draw1|draw_sprite:sprite1|ramaddr[9]" to the node "RAMADDR[9]"
    Warning (13028): Removed fan-out from the always-disabled I/O buffer "gpu:inst2|decoder:decoder1|ramaddr[8]" to the node "RAMADDR[8]"
    Warning (13028): Removed fan-out from the always-disabled I/O buffer "gpu:inst2|draw:draw1|draw_sprite:sprite1|ramaddr[8]" to the node "RAMADDR[8]"
    Warning (13028): Removed fan-out from the always-disabled I/O buffer "gpu:inst2|decoder:decoder1|ramaddr[7]" to the node "RAMADDR[7]"
    Warning (13028): Removed fan-out from the always-disabled I/O buffer "gpu:inst2|draw:draw1|draw_sprite:sprite1|ramaddr[7]" to the node "RAMADDR[7]"
    Warning (13028): Removed fan-out from the always-disabled I/O buffer "gpu:inst2|decoder:decoder1|ramaddr[6]" to the node "RAMADDR[6]"
    Warning (13028): Removed fan-out from the always-disabled I/O buffer "gpu:inst2|draw:draw1|draw_sprite:sprite1|ramaddr[6]" to the node "RAMADDR[6]"
    Warning (13028): Removed fan-out from the always-disabled I/O buffer "gpu:inst2|draw:draw1|draw_sprite:sprite1|ramaddr[5]" to the node "RAMADDR[5]"
    Warning (13028): Removed fan-out from the always-disabled I/O buffer "gpu:inst2|draw:draw1|draw_sprite:sprite1|ramaddr[4]" to the node "RAMADDR[4]"
    Warning (13028): Removed fan-out from the always-disabled I/O buffer "gpu:inst2|draw:draw1|draw_sprite:sprite1|ramaddr[3]" to the node "RAMADDR[3]"
    Warning (13028): Removed fan-out from the always-disabled I/O buffer "gpu:inst2|draw:draw1|draw_sprite:sprite1|ramaddr[2]" to the node "RAMADDR[2]"
    Warning (13028): Removed fan-out from the always-disabled I/O buffer "gpu:inst2|draw:draw1|draw_sprite:sprite1|ramaddr[1]" to the node "RAMADDR[1]"
    Warning (13028): Removed fan-out from the always-disabled I/O buffer "gpu:inst2|draw:draw1|draw_sprite:sprite1|ramaddr[0]" to the node "RAMADDR[0]"
    Warning (13028): Removed fan-out from the always-disabled I/O buffer "gpu:inst2|decoder:decoder1|ramdata[5]" to the node "RAMDATA[5]"
    Warning (13028): Removed fan-out from the always-disabled I/O buffer "gpu:inst2|decoder:decoder1|ramdata[4]" to the node "RAMDATA[4]"
    Warning (13028): Removed fan-out from the always-disabled I/O buffer "gpu:inst2|decoder:decoder1|ramdata[3]" to the node "RAMDATA[3]"
    Warning (13028): Removed fan-out from the always-disabled I/O buffer "gpu:inst2|decoder:decoder1|ramdata[2]" to the node "RAMDATA[2]"
    Warning (13028): Removed fan-out from the always-disabled I/O buffer "gpu:inst2|decoder:decoder1|ramdata[1]" to the node "RAMDATA[1]"
    Warning (13028): Removed fan-out from the always-disabled I/O buffer "gpu:inst2|decoder:decoder1|ramdata[0]" to the node "RAMDATA[0]"
Info (17049): 10 registers lost all their fanouts during netlist optimizations.
Info (16010): Generating hard_block partition "hard_block:auto_generated_inst"
    Info (16011): Adding 0 node(s), including 0 DDIO, 0 PLL, 0 transceiver and 0 LCELL
Info (21057): Implemented 696 device resources after synthesis - the final resource count might be different
    Info (21058): Implemented 11 input pins
    Info (21059): Implemented 76 output pins
    Info (21060): Implemented 6 bidirectional pins
    Info (21061): Implemented 603 logic cells
Info: Quartus II 64-Bit Analysis & Synthesis was successful. 0 errors, 47 warnings
    Info: Peak virtual memory: 503 megabytes
    Info: Processing ended: Fri Dec 13 20:46:50 2013
    Info: Elapsed time: 00:00:07
    Info: Total CPU time (on all processors): 00:00:04


