------------------------------------------------------------
TimeQuest Timing Analyzer Summary
------------------------------------------------------------

Type  : Slow Model Setup 'gen6mhz:inst1|count[2]'
Slack : -4.020
TNS   : -60.596

Type  : Slow Model Setup 'SPICLK'
Slack : -2.031
TNS   : -9.104

Type  : Slow Model Setup 'clock_50mhz'
Slack : -0.210
TNS   : -0.210

Type  : Slow Model Hold 'clock_50mhz'
Slack : -2.690
TNS   : -2.690

Type  : Slow Model Hold 'SPICLK'
Slack : 0.445
TNS   : 0.000

Type  : Slow Model Hold 'gen6mhz:inst1|count[2]'
Slack : 0.445
TNS   : 0.000

Type  : Slow Model Minimum Pulse Width 'clock_50mhz'
Slack : -1.631
TNS   : -5.297

Type  : Slow Model Minimum Pulse Width 'SPICLK'
Slack : -1.469
TNS   : -29.575

Type  : Slow Model Minimum Pulse Width 'gen6mhz:inst1|count[2]'
Slack : -0.611
TNS   : -24.440

Type  : Fast Model Setup 'gen6mhz:inst1|count[2]'
Slack : -0.879
TNS   : -10.717

Type  : Fast Model Setup 'SPICLK'
Slack : -0.565
TNS   : -1.352

Type  : Fast Model Setup 'clock_50mhz'
Slack : 0.524
TNS   : 0.000

Type  : Fast Model Hold 'clock_50mhz'
Slack : -1.720
TNS   : -1.720

Type  : Fast Model Hold 'SPICLK'
Slack : 0.215
TNS   : 0.000

Type  : Fast Model Hold 'gen6mhz:inst1|count[2]'
Slack : 0.215
TNS   : 0.000

Type  : Fast Model Minimum Pulse Width 'clock_50mhz'
Slack : -1.380
TNS   : -4.380

Type  : Fast Model Minimum Pulse Width 'SPICLK'
Slack : -1.222
TNS   : -24.222

Type  : Fast Model Minimum Pulse Width 'gen6mhz:inst1|count[2]'
Slack : -0.500
TNS   : -20.000

------------------------------------------------------------
