                  0 UUDDDDDDDDDDDDDDDDUDUUDLTTTTTTTTTTTTTTTTTTTTLD
                 10 DUDDDDDDDDDDDDDDDDUDUUDLTTTTTTTTTTTTTTTTTTTTLD
                 20 UUDDDDDDDDDDDDDDDDUDUUDLTTTTTTTTTTTTTTTTTTTTLD
                 30 DUDDDDDDDDDDDDDDDDUDUUDLTTTTTTTTTTTTTTTTTTTTLD
                 40 UDDDDDDDDDDDDDDDDDUDUUDLTTTTTTTTTTTTTTTTTTTTLU
                 50 DDDDDDDDDDDDDDDDDDUDUUDLTTTTTTTTTTTTTTTTTTTTLU
                 60 UDUUDUDUDUDUDUDUUUUDUUDLHHLHLHHHHLHLHLHLHLHHHU
                 70 DDUUDUDUDUDUDUDUUUUDUUDLHHLHLHHHHLHLHLHLHLHHHU
                 80 UDUUDUDUDUDUDUDUUUUDUUDHTTTTTTTTTTTTTTTTTTTTLU
                 90 DDUUDUDUDUDUDUDUUUUDUUDHTTTTTTTTTTTTTTTTTTTTLU
                100 UDDUDUDUDUDUDUDUUUUDUUDLTTTTTTTTTTTTTTTTTTTTLU
                110 DDDUDUDUDUDUDUDUUUUDUUDLTTTTTTTTTTTTTTTTTTTTLU
                120 UDUUUUDDUUUUUUUDDDUDUUDLHHHHHLLLHHHLLHHHHLHHHU
                130 DDUUUUDDUUUUUUUDDDUDUUDLHHHHHLLLHHHLLHHHHLHHHU
                140 UDUUUUDDUUUUUUUDDDUDUUDHTTTTTTTTTTTTTTTTTTTTLU
                150 DDUUUUDDUUUUUUUDDDUDUUDHTTTTTTTTTTTTTTTTTTTTLU
                160 UDDUUUDDUUUUUUUDDDUDUUDLTTTTTTTTTTTTTTTTTTTTLU
                170 DDDUUUDDUUUUUUUDDDUDUUDLTTTTTTTTTTTTTTTTTTTTLU
                180 UDDUUUDDUUUUUUUDDDUDUUDLTTTTTTTTTTTTTTTTTTTTLU
                190 DDDUUUDDUUUUUUUDDDUDUUDLTTTTTTTTTTTTTTTTTTTTLU
                200 UDDUUUDDUUUUUUUDDDUDUUDLTTTTTTTTTTTTTTTTTTTTLU
