                  0 UUDDDDDX
                 50 DUDDDDDX
                100 UUDDDDDL
                150 DUDDDDDL
                200 UDDDDDDL
                250 DDDDDDDL
                300 UDDDDDDL
                350 DDDDDDDL
                400 UDUDDDDL
                450 DDUDDDDL
                500 UDUDDDDL
                550 DDUDDDDL
                600 UDUDDDDL
                650 DDUDDDDL
                700 UDUDDDDL
                750 DDUDDDDL
                800 UDUDDDDL
                850 DDUDDDDL
                900 UDUDDDDL
                950 DDUDDDDL
               1000 UDUDDDDL
               1050 DDUDDDDL
               1100 UDUDDDDL
               1150 DDUDDDDL
               1200 UDUDDDDL
               1250 DDUDDDDL
               1300 UDUDDDDL
               1350 DDUDDDDL
               1400 UDUDDDDL
               1450 DDUDDDDL
               1500 UDUDDDDL
               1550 DDUDDDDL
               1600 UDUDDDDL
               1650 DDUDDDDL
               1700 UDUDDDDL
               1750 DDUDDDDL
               1800 UDUDDDDL
               1850 DDUDDDDL
               1900 UDUDDDDL
               1950 DDUDDDDL
               2000 UDUDDDDL
               2050 DDUDDDDL
               2100 UDUDDDDL
               2150 DDUDDDDL
               2200 UDUDDDDL
               2250 DDUDDDDL
               2300 UDUDDDDL
               2350 DDUDDDDL
               2400 UDUDDDDL
               2450 DDUDDDDL
               2500 UDUDDDDL
               2550 DDUDDDDL
               2600 UDUDDDDL
               2650 DDUDDDDL
               2700 UDUDDDDL
               2750 DDUDDDDL
               2800 UDUDDDDL
               2850 DDUDDDDL
               2900 UDUDDDDL
               2950 DDUDDDDL
               3000 UDUDDDDL
               3050 DDUDDDDL
               3100 UDUDDDDL
               3150 DDUDDDDL
               3200 UDUDDDDL
               3250 DDUDDDDL
               3300 UDUDDDDL
               3350 DDUDDDDL
               3400 UDUDDDDL
               3450 DDUDDDDL
               3500 UDUDDDDL
               3550 DDUDDDDL
               3600 UDUDDDDL
               3650 DDUDDDDL
               3700 UDUDDDDL
               3750 DDUDDDDL
               3800 UDUDDDDL
               3850 DDUDDDDL
               3900 UDUDDDDL
               3950 DDUDDDDL
               4000 UDUDDDDL
               4050 DDUDDDDL
               4100 UDUDDDDL
               4150 DDUDDDDL
               4200 UDUDDDDL
               4250 DDUDDDDL
               4300 UDUDDDDL
               4350 DDUDDDDL
               4400 UDUDDDDL
               4450 DDUDDDDL
               4500 UDUDDDDL
               4550 DDUDDDDL
               4600 UDUDDDDL
               4650 DDUDDDDL
               4700 UDUDDDDL
               4750 DDUDDDDL
               4800 UDUDDDDL
               4850 DDUDDDDL
               4900 UDUDDDDL
               4950 DDUDDDDL
               5000 UDUDDDDL
               5050 DDUDDDDL
               5100 UDUDDDDL
               5150 DDUDDDDL
               5200 UDUDDDDL
               5250 DDUDDDDL
               5300 UDUDDDDL
               5350 DDUDDDDL
               5400 UDUDDDDL
               5450 DDUDDDDL
               5500 UDUDDDDL
               5550 DDUDDDDL
               5600 UDUDDDDL
               5650 DDUDDDDL
               5700 UDUDDDDL
               5750 DDUDDDDL
               5800 UDUDDDDL
               5850 DDUDDDDL
               5900 UDUDDDDL
               5950 DDUDDDDL
               6000 UDUDDDDL
               6050 DDUDDDDL
               6100 UDUDDDDL
               6150 DDUDDDDL
               6200 UDUDDDDL
               6250 DDUDDDDL
               6300 UDUDDDDL
               6350 DDUDDDDL
               6400 UDUDDDDL
               6450 DDUDDDDL
               6500 UDUDDDDL
               6550 DDUDDDDL
               6600 UDUDDDDL
               6650 DDUDDDDL
               6700 UDUDDDDL
               6750 DDUDDDDL
               6800 UDUDDDDL
               6850 DDUDDDDL
               6900 UDUDDDDL
               6950 DDUDDDDL
               7000 UDUDDDDL
               7050 DDUDDDDL
               7100 UDUDDDDL
               7150 DDUDDDDL
               7200 UDUDDDDL
               7250 DDUDDDDL
               7300 UDUDDDDL
               7350 DDUDDDDL
               7400 UDUDDDDL
               7450 DDUDDDDL
               7500 UDUDDDDL
               7550 DDUDDDDL
               7600 UDUDDDDL
               7650 DDUDDDDL
               7700 UDUDDDDL
               7750 DDUDDDDL
               7800 UDUDDDDL
               7850 DDUDDDDL
               7900 UDUDDDDL
               7950 DDUDDDDL
               8000 UDUDDDDL
               8050 DDUDDDDL
               8100 UDUDDDDL
               8150 DDUDDDDL
               8200 UDUDDDDL
               8250 DDUDDDDL
               8300 UDUDDDDL
               8350 DDUDDDDL
               8400 UDUDDDDL
               8450 DDUDDDDL
               8500 UDUDDDDL
               8550 DDUDDDDL
               8600 UDUDDDDL
               8650 DDUDDDDL
               8700 UDUDDDDL
               8750 DDUDDDDL
               8800 UDUDDDDL
               8850 DDUDDDDL
               8900 UDUDDDDL
               8950 DDUDDDDL
               9000 UDUDDDDL
               9050 DDUDDDDL
               9100 UDUDDDDL
               9150 DDUDDDDL
               9200 UDUDDDDL
               9250 DDUDDDDL
               9300 UDUDDDDL
               9350 DDUDDDDL
               9400 UDUDDDDL
               9450 DDUDDDDL
               9500 UDUDDDDL
               9550 DDUDDDDL
               9600 UDUDDDDL
               9650 DDUDDDDL
               9700 UDUDDDDL
               9750 DDUDDDDL
               9800 UDUDDDDL
               9850 DDUDDDDL
               9900 UDUDDDDL
               9950 DDUDDDDL
              10000 UDUDDDDL
              10050 DDUDDDDL
              10100 UDUDDDDL
              10150 DDUDDDDL
              10200 UDUDDDDL
              10250 DDUDDDDL
              10300 UDUDDDDL
              10350 DDUDDDDL
              10400 UDUDDDDL
              10450 DDUDDDDL
              10500 UDUDDDDL
              10550 DDUDDDDL
              10600 UDUDDDDL
              10650 DDUDDDDL
              10700 UDUDDDDL
              10750 DDUDDDDL
              10800 UDUDDDDL
              10850 DDUDDDDL
              10900 UDUDDDDL
              10950 DDUDDDDL
              11000 UDUDDDDL
              11050 DDUDDDDL
              11100 UDUDDDDL
              11150 DDUDDDDL
              11200 UDUDDDDL
              11250 DDUDDDDL
              11300 UDUDDDDL
              11350 DDUDDDDL
              11400 UDUDDDDL
              11450 DDUDDDDL
              11500 UDUDDDDL
              11550 DDUDDDDL
              11600 UDUDDDDL
              11650 DDUDDDDL
              11700 UDUDDDDL
              11750 DDUDDDDL
              11800 UDUDDDDL
              11850 DDUDDDDL
              11900 UDUDDDDL
              11950 DDUDDDDL
              12000 UDUDDDDL
              12050 DDUDDDDL
              12100 UDUDDDDL
              12150 DDUDDDDL
              12200 UDUDDDDL
              12250 DDUDDDDL
              12300 UDUDDDDL
              12350 DDUDDDDL
              12400 UDUDDDDL
              12450 DDUDDDDL
              12500 UDUDDDDL
              12550 DDUDDDDL
              12600 UDUDDDDL
              12650 DDUDDDDL
              12700 UDUDDDDL
              12750 DDUDDDDL
              12800 UDUDDDDL
              12850 DDUDDDDL
              12900 UDUDDDDL
              12950 DDUDDDDL
              13000 UDUDDDDL
              13050 DDUDDDDL
              13100 UDUDDDDL
              13150 DDUDDDDL
              13200 UDUDDDDL
              13250 DDUDDDDL
              13300 UDUDDDDL
              13350 DDUDDDDL
              13400 UDUDDDDL
              13450 DDUDDDDL
              13500 UDUDDDDL
              13550 DDUDDDDL
              13600 UDUDDDDL
              13650 DDUDDDDL
              13700 UDUDDDDL
              13750 DDUDDDDL
              13800 UDUDDDDL
              13850 DDUDDDDL
              13900 UDUDDDDL
              13950 DDUDDDDL
              14000 UDUUDDDL
              14050 DDUUDDDL
              14100 UDUUDDDL
              14150 DDUUDDDL
              14200 UDUUDDDL
              14250 DDUUDDDL
              14300 UDUUDDDL
              14350 DDUUDDDL
              14400 UDUUDDDL
              14450 DDUUDDDL
              14500 UDUUDDDL
              14550 DDUUDDDL
              14600 UDUUDDDL
              14650 DDUUDDDL
              14700 UDUUDDDL
              14750 DDUUDDDL
              14800 UDUUDDDH
              14850 DDUUDDDH
              14900 UDUUDDDH
              14950 DDUUDDDH
              15000 UDUUDDDH
              15050 DDUUDDDH
              15100 UDUUDDDH
              15150 DDUUDDDH
              15200 UDUUDDDH
              15250 DDUUDDDH
              15300 UDUUDDDH
              15350 DDUUDDDH
              15400 UDUUDDDH
              15450 DDUUDDDH
              15500 UDUUDDDH
              15550 DDUUDDDH
              15600 UDUUDDDL
              15650 DDUUDDDL
              15700 UDUUDDDL
              15750 DDUUDDDL
              15800 UDUUDDDL
              15850 DDUUDDDL
              15900 UDUUDDDL
              15950 DDUUDDDL
              16000 UDUUDDDL
              16050 DDUUDDDL
              16100 UDUUDDDL
              16150 DDUUDDDL
              16200 UDUUDDDL
              16250 DDUUDDDL
              16300 UDUUDDDL
              16350 DDUUDDDL
              16400 UDUUDDDH
              16450 DDUUDDDH
              16500 UDUUDDDH
              16550 DDUUDDDH
              16600 UDUUDDDH
              16650 DDUUDDDH
              16700 UDUUDDDH
              16750 DDUUDDDH
              16800 UDUUDDDH
              16850 DDUUDDDH
              16900 UDUUDDDH
              16950 DDUUDDDH
              17000 UDUUDDDH
              17050 DDUUDDDH
              17100 UDUUDDDH
              17150 DDUUDDDH
              17200 UDUUDDDL
              17250 DDUUDDDL
              17300 UDUUDDDL
              17350 DDUUDDDL
              17400 UDUUDDDL
              17450 DDUUDDDL
              17500 UDUUDDDL
              17550 DDUUDDDL
              17600 UDUUDDDL
              17650 DDUUDDDL
              17700 UDUUDDDL
              17750 DDUUDDDL
              17800 UDUUDDDL
              17850 DDUUDDDL
              17900 UDUUDDDL
              17950 DDUUDDDL
              18000 UDUUDDDH
              18050 DDUUDDDH
              18100 UDUUDDDH
              18150 DDUUDDDH
              18200 UDUUDDDH
              18250 DDUUDDDH
              18300 UDUUDDDH
              18350 DDUUDDDH
              18400 UDUUDDDH
              18450 DDUUDDDH
              18500 UDUUDDDH
              18550 DDUUDDDH
              18600 UDUUDDDH
              18650 DDUUDDDH
              18700 UDUUDDDH
              18750 DDUUDDDH
              18800 UDUUDDDL
              18850 DDUUDDDL
              18900 UDUUDDDL
              18950 DDUUDDDL
              19000 UDUUDDDL
              19050 DDUUDDDL
              19100 UDUUDDDL
              19150 DDUUDDDL
              19200 UDUUDDDL
              19250 DDUUDDDL
              19300 UDUUDDDL
              19350 DDUUDDDL
              19400 UDUUDDDL
              19450 DDUUDDDL
              19500 UDUUDDDL
              19550 DDUUDDDL
              19600 UDUUDDDH
              19650 DDUUDDDH
              19700 UDUUDDDH
              19750 DDUUDDDH
              19800 UDUUDDDH
              19850 DDUUDDDH
              19900 UDUUDDDH
              19950 DDUUDDDH
              20000 UDUUDDDH
              20050 DDUUDDDH
              20100 UDUUDDDH
              20150 DDUUDDDH
              20200 UDUUDDDH
              20250 DDUUDDDH
              20300 UDUUDDDH
              20350 DDUUDDDH
              20400 UDUUDDDL
              20450 DDUUDDDL
              20500 UDUUDDDL
              20550 DDUUDDDL
              20600 UDUUDDDL
              20650 DDUUDDDL
              20700 UDUUDDDL
              20750 DDUUDDDL
              20800 UDUUDDDL
              20850 DDUUDDDL
              20900 UDUUDDDL
              20950 DDUUDDDL
              21000 UDUUDDDL
              21050 DDUUDDDL
              21100 UDUUDDDL
              21150 DDUUDDDL
              21200 UDUUDDDH
              21250 DDUUDDDH
              21300 UDUUDDDH
              21350 DDUUDDDH
              21400 UDUUDDDH
              21450 DDUUDDDH
              21500 UDUUDDDH
              21550 DDUUDDDH
              21600 UDUUDDDH
              21650 DDUUDDDH
              21700 UDUUDDDH
              21750 DDUUDDDH
              21800 UDUUDDDH
              21850 DDUUDDDH
              21900 UDUUDDDH
              21950 DDUUDDDH
              22000 UDUUDDDL
              22050 DDUUDDDL
              22100 UDUUDDDL
              22150 DDUUDDDL
              22200 UDUUDDDL
              22250 DDUUDDDL
              22300 UDUUDDDL
              22350 DDUUDDDL
              22400 UDUUDDDL
              22450 DDUUDDDL
              22500 UDUUDDDL
              22550 DDUUDDDL
              22600 UDUUDDDL
              22650 DDUUDDDL
              22700 UDUUDDDL
              22750 DDUUDDDL
              22800 UDUUDDDH
              22850 DDUUDDDH
              22900 UDUUDDDH
              22950 DDUUDDDH
              23000 UDUUDDDH
              23050 DDUUDDDH
              23100 UDUUDDDH
              23150 DDUUDDDH
              23200 UDUUDDDH
              23250 DDUUDDDH
              23300 UDUUDDDH
              23350 DDUUDDDH
              23400 UDUUDDDH
              23450 DDUUDDDH
              23500 UDUUDDDH
              23550 DDUUDDDH
              23600 UDUUDDDL
              23650 DDUUDDDL
              23700 UDUUDDDL
              23750 DDUUDDDL
              23800 UDUUDDDL
              23850 DDUUDDDL
              23900 UDUUDDDL
              23950 DDUUDDDL
              24000 UDUUDDDL
              24050 DDUUDDDL
              24100 UDUUDDDL
              24150 DDUUDDDL
              24200 UDUUDDDL
              24250 DDUUDDDL
              24300 UDUUDDDL
              24350 DDUUDDDL
              24400 UDUUDDDH
              24450 DDUUDDDH
              24500 UDUUDDDH
              24550 DDUUDDDH
              24600 UDUUDDDH
              24650 DDUUDDDH
              24700 UDUUDDDH
              24750 DDUUDDDH
              24800 UDUUDDDH
              24850 DDUUDDDH
              24900 UDUUDDDH
              24950 DDUUDDDH
              25000 UDUUDDDH
              25050 DDUUDDDH
              25100 UDUUDDDH
              25150 DDUUDDDH
              25200 UDUUDDDL
              25250 DDUUDDDL
              25300 UDUUDDDL
              25350 DDUUDDDL
              25400 UDUUDDDL
              25450 DDUUDDDL
              25500 UDUUDDDL
              25550 DDUUDDDL
              25600 UDUUDDDL
              25650 DDUUDDDL
              25700 UDUUDDDL
              25750 DDUUDDDL
              25800 UDUUDDDL
              25850 DDUUDDDL
              25900 UDUUDDDL
              25950 DDUUDDDL
              26000 UDUUDDDH
              26050 DDUUDDDH
              26100 UDUUDDDH
              26150 DDUUDDDH
              26200 UDUUDDDH
              26250 DDUUDDDH
              26300 UDUUDDDH
              26350 DDUUDDDH
              26400 UDUUDDDH
              26450 DDUUDDDH
              26500 UDUUDDDH
              26550 DDUUDDDH
              26600 UDUUDDDH
              26650 DDUUDDDH
              26700 UDUUDDDH
              26750 DDUUDDDH
              26800 UDUUDDDL
              26850 DDUUDDDL
              26900 UDUUDDDL
              26950 DDUUDDDL
              27000 UDUUDDDL
              27050 DDUUDDDL
              27100 UDUUDDDL
              27150 DDUUDDDL
              27200 UDUUDDDL
              27250 DDUUDDDL
              27300 UDUUDDDL
              27350 DDUUDDDL
              27400 UDUUDDDL
              27450 DDUUDDDL
              27500 UDUUDDDL
              27550 DDUUDDDL
              27600 UDUUDDDH
              27650 DDUUDDDH
              27700 UDUUDDDH
              27750 DDUUDDDH
              27800 UDUUDDDH
              27850 DDUUDDDH
              27900 UDUUDDDH
              27950 DDUUDDDH
              28000 UDUUUUUH
              28050 DDUUUUUH
              28100 UDUUUUUH
              28150 DDUUUUUH
              28200 UDUUUUUH
              28250 DDUUUUUH
              28300 UDUUUUUH
              28350 DDUUUUUH
              28400 UDUUUUUH
              28450 DDUUUUUH
              28500 UDUUUUUH
              28550 DDUUUUUH
              28600 UDUUUUUH
              28650 DDUUUUUH
              28700 UDUUUUUH
              28750 DDUUUUUH
              28800 UDUUUUUH
              28850 DDUUUUUH
              28900 UDUUUUUH
              28950 DDUUUUUH
              29000 UDUUUUUH
              29050 DDUUUUUH
              29100 UDUUUUUH
              29150 DDUUUUUH
              29200 UDUUUUUH
              29250 DDUUUUUH
              29300 UDUUUUUH
              29350 DDUUUUUH
              29400 UDUUUUUH
              29450 DDUUUUUH
              29500 UDUUUUUH
              29550 DDUUUUUH
              29600 UDUUUUUH
              29650 DDUUUUUH
              29700 UDUUUUUH
              29750 DDUUUUUH
              29800 UDUUUUUH
              29850 DDUUUUUH
              29900 UDUUUUUH
              29950 DDUUUUUH
              30000 UDUUUUUH
              30050 DDUUUUUH
              30100 UDUUUUUH
              30150 DDUUUUUH
              30200 UDUUUUUH
              30250 DDUUUUUH
              30300 UDUUUUUH
              30350 DDUUUUUH
              30400 UDUUUUUH
              30450 DDUUUUUH
              30500 UDUUUUUH
              30550 DDUUUUUH
              30600 UDUUUUUH
              30650 DDUUUUUH
              30700 UDUUUUUH
              30750 DDUUUUUH
              30800 UDUUUUUH
              30850 DDUUUUUH
              30900 UDUUUUUH
              30950 DDUUUUUH
              31000 UDUUUUUH
              31050 DDUUUUUH
              31100 UDUUUUUH
              31150 DDUUUUUH
              31200 UDUUUUUH
              31250 DDUUUUUH
              31300 UDUUUUUH
              31350 DDUUUUUH
              31400 UDUUUUUH
              31450 DDUUUUUH
              31500 UDUUUUUH
              31550 DDUUUUUH
              31600 UDUUUUUH
              31650 DDUUUUUH
              31700 UDUUUUUH
              31750 DDUUUUUH
              31800 UDUUUUUH
              31850 DDUUUUUH
              31900 UDUUUUUH
              31950 DDUUUUUH
              32000 UDUUUUUH
              32050 DDUUUUUH
              32100 UDUUUUUH
              32150 DDUUUUUH
              32200 UDUUUUUH
              32250 DDUUUUUH
              32300 UDUUUUUH
              32350 DDUUUUUH
              32400 UDUUUUUH
              32450 DDUUUUUH
              32500 UDUUUUUH
              32550 DDUUUUUH
              32600 UDUUUUUH
              32650 DDUUUUUH
              32700 UDUUUUUH
              32750 DDUUUUUH
              32800 UDUUUUUH
              32850 DDUUUUUH
              32900 UDUUUUUH
              32950 DDUUUUUH
              33000 UDUUUUUH
              33050 DDUUUUUH
              33100 UDUUUUUH
              33150 DDUUUUUH
              33200 UDUUUUUH
              33250 DDUUUUUH
              33300 UDUUUUUH
              33350 DDUUUUUH
              33400 UDUUUUUH
              33450 DDUUUUUH
              33500 UDUUUUUH
              33550 DDUUUUUH
              33600 UDUUUUUH
              33650 DDUUUUUH
              33700 UDUUUUUH
              33750 DDUUUUUH
              33800 UDUUUUUH
              33850 DDUUUUUH
              33900 UDUUUUUH
              33950 DDUUUUUH
              34000 UDUUUUUH
              34050 DDUUUUUH
              34100 UDUUUUUH
              34150 DDUUUUUH
              34200 UDUUUUUH
              34250 DDUUUUUH
              34300 UDUUUUUH
              34350 DDUUUUUH
              34400 UDUUUUUH
              34450 DDUUUUUH
              34500 UDUUUUUH
              34550 DDUUUUUH
              34600 UDUUUUUH
              34650 DDUUUUUH
              34700 UDUUUUUH
              34750 DDUUUUUH
              34800 UDUUUUUH
              34850 DDUUUUUH
              34900 UDUUUUUH
              34950 DDUUUUUH
              35000 UDUUUUUH
              35050 DDUUUUUH
              35100 UDUUUUUH
              35150 DDUUUUUH
              35200 UDUUUUUH
              35250 DDUUUUUH
              35300 UDUUUUUH
              35350 DDUUUUUH
              35400 UDUUUUUH
              35450 DDUUUUUH
              35500 UDUUUUUH
              35550 DDUUUUUH
              35600 UDUUUUUH
              35650 DDUUUUUH
              35700 UDUUUUUH
              35750 DDUUUUUH
              35800 UDUUUUUH
              35850 DDUUUUUH
              35900 UDUUUUUH
              35950 DDUUUUUH
              36000 UDUUUUUH
              36050 DDUUUUUH
              36100 UDUUUUUH
              36150 DDUUUUUH
              36200 UDUUUUUH
              36250 DDUUUUUH
              36300 UDUUUUUH
              36350 DDUUUUUH
              36400 UDUUUUUH
              36450 DDUUUUUH
              36500 UDUUUUUH
              36550 DDUUUUUH
              36600 UDUUUUUH
              36650 DDUUUUUH
              36700 UDUUUUUH
              36750 DDUUUUUH
              36800 UDUUUUUH
              36850 DDUUUUUH
              36900 UDUUUUUH
              36950 DDUUUUUH
              37000 UDUUUUUH
              37050 DDUUUUUH
              37100 UDUUUUUH
              37150 DDUUUUUH
              37200 UDUUUUUH
              37250 DDUUUUUH
              37300 UDUUUUUH
              37350 DDUUUUUH
              37400 UDUUUUUH
              37450 DDUUUUUH
              37500 UDUUUUUH
              37550 DDUUUUUH
              37600 UDUUUUUH
              37650 DDUUUUUH
              37700 UDUUUUUH
              37750 DDUUUUUH
              37800 UDUUUUUH
              37850 DDUUUUUH
              37900 UDUUUUUH
              37950 DDUUUUUH
              38000 UDUUUUUH
              38050 DDUUUUUH
              38100 UDUUUUUH
              38150 DDUUUUUH
              38200 UDUUUUUH
              38250 DDUUUUUH
              38300 UDUUUUUH
              38350 DDUUUUUH
              38400 UDUUUUUH
              38450 DDUUUUUH
              38500 UDUUUUUH
              38550 DDUUUUUH
              38600 UDUUUUUH
              38650 DDUUUUUH
              38700 UDUUUUUH
              38750 DDUUUUUH
              38800 UDUUUUUH
              38850 DDUUUUUH
              38900 UDUUUUUH
              38950 DDUUUUUH
              39000 UDUUUUUH
              39050 DDUUUUUH
              39100 UDUUUUUH
              39150 DDUUUUUH
              39200 UDUUUUUH
              39250 DDUUUUUH
              39300 UDUUUUUH
              39350 DDUUUUUH
              39400 UDUUUUUH
              39450 DDUUUUUH
              39500 UDUUUUUH
              39550 DDUUUUUH
              39600 UDUUUUUH
              39650 DDUUUUUH
              39700 UDUUUUUH
              39750 DDUUUUUH
              39800 UDUUUUUH
              39850 DDUUUUUH
              39900 UDUUUUUH
              39950 DDUUUUUH
              40000 UDUUUUUH
              40050 DDUUUUUH
              40100 UDUUUUUH
              40150 DDUUUUUH
              40200 UDUUUUUH
              40250 DDUUUUUH
              40300 UDUUUUUH
              40350 DDUUUUUH
              40400 UDUUUUUH
              40450 DDUUUUUH
              40500 UDUUUUUH
              40550 DDUUUUUH
              40600 UDUUUUUH
              40650 DDUUUUUH
              40700 UDUUUUUH
              40750 DDUUUUUH
              40800 UDUUUUUH
              40850 DDUUUUUH
              40900 UDUUUUUH
              40950 DDUUUUUH
              41000 UDUUUUUH
              41050 DDUUUUUH
              41100 UDUUUUUH
              41150 DDUUUUUH
              41200 UDUUUUUH
              41250 DDUUUUUH
              41300 UDUUUUUH
              41350 DDUUUUUH
              41400 UDUUUUUH
              41450 DDUUUUUH
              41500 UDUUUUUH
              41550 DDUUUUUH
              41600 UDUUUUUH
              41650 DDUUUUUH
              41700 UDUUUUUH
              41750 DDUUUUUH
              41800 UDUUUUUH
              41850 DDUUUUUH
              41900 UDUUUUUH
              41950 DDUUUUUH
              42000 UDUDDDDH
              42050 DDUDDDDH
              42100 UDUDDDDL
              42150 DDUDDDDL
              42200 UDUDDDDL
              42250 DDUDDDDL
              42300 UDUDDDDL
              42350 DDUDDDDL
              42400 UDUDDDDL
              42450 DDUDDDDL
              42500 UDUDDDDL
              42550 DDUDDDDL
              42600 UDUDDDDL
              42650 DDUDDDDL
              42700 UDUDDDDL
              42750 DDUDDDDL
              42800 UDUDDDDL
              42850 DDUDDDDL
              42900 UDUDDDDL
              42950 DDUDDDDL
              43000 UDUDDDDL
              43050 DDUDDDDL
              43100 UDUDDDDL
              43150 DDUDDDDL
              43200 UDUDDDDL
              43250 DDUDDDDL
              43300 UDUDDDDL
              43350 DDUDDDDL
              43400 UDUDDDDL
              43450 DDUDDDDL
              43500 UDUDDDDL
              43550 DDUDDDDL
              43600 UDUDDDDL
              43650 DDUDDDDL
              43700 UDUDDDDL
              43750 DDUDDDDL
              43800 UDUDDDDL
              43850 DDUDDDDL
              43900 UDUDDDDL
              43950 DDUDDDDL
              44000 UDUDDDDL
              44050 DDUDDDDL
              44100 UDUDDDDL
              44150 DDUDDDDL
              44200 UDUDDDDL
              44250 DDUDDDDL
              44300 UDUDDDDL
              44350 DDUDDDDL
              44400 UDUDDDDL
              44450 DDUDDDDL
              44500 UDUDDDDL
              44550 DDUDDDDL
              44600 UDUDDDDL
              44650 DDUDDDDL
              44700 UDUDDDDL
              44750 DDUDDDDL
              44800 UDUDDDDL
              44850 DDUDDDDL
              44900 UDUDDDDL
              44950 DDUDDDDL
              45000 UDUDDDDL
              45050 DDUDDDDL
              45100 UDUDDDDL
              45150 DDUDDDDL
              45200 UDUDDDDL
              45250 DDUDDDDL
              45300 UDUDDDDL
              45350 DDUDDDDL
              45400 UDUDDDDL
              45450 DDUDDDDL
              45500 UDUDDDDL
              45550 DDUDDDDL
              45600 UDUDDDDL
              45650 DDUDDDDL
              45700 UDUDDDDL
              45750 DDUDDDDL
              45800 UDUDDDDL
              45850 DDUDDDDL
              45900 UDUDDDDL
              45950 DDUDDDDL
              46000 UDUDDDDL
              46050 DDUDDDDL
              46100 UDUDDDDL
              46150 DDUDDDDL
              46200 UDUDDDDL
              46250 DDUDDDDL
              46300 UDUDDDDL
              46350 DDUDDDDL
              46400 UDUDDDDL
              46450 DDUDDDDL
              46500 UDUDDDDL
              46550 DDUDDDDL
              46600 UDUDDDDL
              46650 DDUDDDDL
              46700 UDUDDDDL
              46750 DDUDDDDL
              46800 UDUDDDDL
              46850 DDUDDDDL
              46900 UDUDDDDL
              46950 DDUDDDDL
              47000 UDUDDDDL
              47050 DDUDDDDL
              47100 UDUDDDDL
              47150 DDUDDDDL
              47200 UDUDDDDL
              47250 DDUDDDDL
              47300 UDUDDDDL
              47350 DDUDDDDL
              47400 UDUDDDDL
              47450 DDUDDDDL
              47500 UDUDDDDL
              47550 DDUDDDDL
              47600 UDUDDDDL
              47650 DDUDDDDL
              47700 UDUDDDDL
              47750 DDUDDDDL
              47800 UDUDDDDL
              47850 DDUDDDDL
              47900 UDUDDDDL
              47950 DDUDDDDL
              48000 UDUDDDDL
              48050 DDUDDDDL
              48100 UDUDDDDL
              48150 DDUDDDDL
              48200 UDUDDDDL
              48250 DDUDDDDL
              48300 UDUDDDDL
              48350 DDUDDDDL
              48400 UDUDDDDL
              48450 DDUDDDDL
              48500 UDUDDDDL
              48550 DDUDDDDL
              48600 UDUDDDDL
              48650 DDUDDDDL
              48700 UDUDDDDL
              48750 DDUDDDDL
              48800 UDUDDDDL
              48850 DDUDDDDL
              48900 UDUDDDDL
              48950 DDUDDDDL
              49000 UDUDDDDL
              49050 DDUDDDDL
              49100 UDUDDDDL
              49150 DDUDDDDL
              49200 UDUDDDDL
              49250 DDUDDDDL
              49300 UDUDDDDL
              49350 DDUDDDDL
              49400 UDUDDDDL
              49450 DDUDDDDL
              49500 UDUDDDDL
              49550 DDUDDDDL
              49600 UDUDDDDL
              49650 DDUDDDDL
              49700 UDUDDDDL
              49750 DDUDDDDL
              49800 UDUDDDDL
              49850 DDUDDDDL
              49900 UDUDDDDL
              49950 DDUDDDDL
              50000 UDUDDDDL
              50050 DDUDDDDL
              50100 UDUDDDDL
              50150 DDUDDDDL
              50200 UDUDDDDL
              50250 DDUDDDDL
              50300 UDUDDDDL
              50350 DDUDDDDL
              50400 UDUDDDDL
              50450 DDUDDDDL
              50500 UDUDDDDL
              50550 DDUDDDDL
              50600 UDUDDDDL
              50650 DDUDDDDL
              50700 UDUDDDDL
              50750 DDUDDDDL
              50800 UDUDDDDL
              50850 DDUDDDDL
              50900 UDUDDDDL
              50950 DDUDDDDL
              51000 UDUDDDDL
              51050 DDUDDDDL
              51100 UDUDDDDL
              51150 DDUDDDDL
              51200 UDUDDDDL
              51250 DDUDDDDL
              51300 UDUDDDDL
              51350 DDUDDDDL
              51400 UDUDDDDL
              51450 DDUDDDDL
              51500 UDUDDDDL
              51550 DDUDDDDL
              51600 UDUDDDDL
              51650 DDUDDDDL
              51700 UDUDDDDL
              51750 DDUDDDDL
              51800 UDUDDDDL
              51850 DDUDDDDL
              51900 UDUDDDDL
              51950 DDUDDDDL
              52000 UDUDDDDL
              52050 DDUDDDDL
              52100 UDUDDDDL
              52150 DDUDDDDL
              52200 UDUDDDDL
              52250 DDUDDDDL
              52300 UDUDDDDL
              52350 DDUDDDDL
              52400 UDUDDDDL
              52450 DDUDDDDL
              52500 UDUDDDDL
              52550 DDUDDDDL
              52600 UDUDDDDL
              52650 DDUDDDDL
              52700 UDUDDDDL
              52750 DDUDDDDL
              52800 UDUDDDDL
              52850 DDUDDDDL
              52900 UDUDDDDL
              52950 DDUDDDDL
              53000 UDUDDDDL
              53050 DDUDDDDL
              53100 UDUDDDDL
              53150 DDUDDDDL
              53200 UDUDDDDL
              53250 DDUDDDDL
              53300 UDUDDDDL
              53350 DDUDDDDL
              53400 UDUDDDDL
              53450 DDUDDDDL
              53500 UDUDDDDL
              53550 DDUDDDDL
              53600 UDUDDDDL
              53650 DDUDDDDL
              53700 UDUDDDDL
              53750 DDUDDDDL
              53800 UDUDDDDL
              53850 DDUDDDDL
              53900 UDUDDDDL
              53950 DDUDDDDL
              54000 UDUDDDDL
              54050 DDUDDDDL
              54100 UDUDDDDL
              54150 DDUDDDDL
              54200 UDUDDDDL
              54250 DDUDDDDL
              54300 UDUDDDDL
              54350 DDUDDDDL
              54400 UDUDDDDL
              54450 DDUDDDDL
              54500 UDUDDDDL
              54550 DDUDDDDL
              54600 UDUDDDDL
              54650 DDUDDDDL
              54700 UDUDDDDL
              54750 DDUDDDDL
              54800 UDUDDDDL
              54850 DDUDDDDL
              54900 UDUDDDDL
              54950 DDUDDDDL
              55000 UDUDDDDL
              55050 DDUDDDDL
              55100 UDUDDDDL
              55150 DDUDDDDL
              55200 UDUDDDDL
              55250 DDUDDDDL
              55300 UDUDDDDL
              55350 DDUDDDDL
              55400 UDUDDDDL
              55450 DDUDDDDL
              55500 UDUDDDDL
              55550 DDUDDDDL
              55600 UDUDDDDL
              55650 DDUDDDDL
              55700 UDUDDDDL
              55750 DDUDDDDL
              55800 UDUDDDDL
              55850 DDUDDDDL
              55900 UDUDDDDL
              55950 DDUDDDDL
              56000 UDUDUDDL
              56050 DDUDUDDL
              56100 UDUDUDDL
              56150 DDUDUDDL
              56200 UDUDUDDL
              56250 DDUDUDDL
              56300 UDUDUDDL
              56350 DDUDUDDL
              56400 UDUDUDDH
              56450 DDUDUDDH
              56500 UDUDUDDH
              56550 DDUDUDDH
              56600 UDUDUDDH
              56650 DDUDUDDH
              56700 UDUDUDDH
              56750 DDUDUDDH
              56800 UDUDUDDL
              56850 DDUDUDDL
              56900 UDUDUDDL
              56950 DDUDUDDL
              57000 UDUDUDDL
              57050 DDUDUDDL
              57100 UDUDUDDL
              57150 DDUDUDDL
              57200 UDUDUDDL
              57250 DDUDUDDL
              57300 UDUDUDDL
              57350 DDUDUDDL
              57400 UDUDUDDL
              57450 DDUDUDDL
              57500 UDUDUDDL
              57550 DDUDUDDL
              57600 UDUDUDDL
              57650 DDUDUDDL
              57700 UDUDUDDL
              57750 DDUDUDDL
              57800 UDUDUDDL
              57850 DDUDUDDL
              57900 UDUDUDDL
              57950 DDUDUDDL
              58000 UDUDUDDH
              58050 DDUDUDDH
              58100 UDUDUDDH
              58150 DDUDUDDH
              58200 UDUDUDDH
              58250 DDUDUDDH
              58300 UDUDUDDH
              58350 DDUDUDDH
              58400 UDUDUDDL
              58450 DDUDUDDL
              58500 UDUDUDDL
              58550 DDUDUDDL
              58600 UDUDUDDL
              58650 DDUDUDDL
              58700 UDUDUDDL
              58750 DDUDUDDL
              58800 UDUDUDDL
              58850 DDUDUDDL
              58900 UDUDUDDL
              58950 DDUDUDDL
              59000 UDUDUDDL
              59050 DDUDUDDL
              59100 UDUDUDDL
              59150 DDUDUDDL
              59200 UDUDUDDL
              59250 DDUDUDDL
              59300 UDUDUDDL
              59350 DDUDUDDL
              59400 UDUDUDDL
              59450 DDUDUDDL
              59500 UDUDUDDL
              59550 DDUDUDDL
              59600 UDUDUDDH
              59650 DDUDUDDH
              59700 UDUDUDDH
              59750 DDUDUDDH
              59800 UDUDUDDH
              59850 DDUDUDDH
              59900 UDUDUDDH
              59950 DDUDUDDH
              60000 UDUDUDDL
              60050 DDUDUDDL
              60100 UDUDUDDL
              60150 DDUDUDDL
              60200 UDUDUDDL
              60250 DDUDUDDL
              60300 UDUDUDDL
              60350 DDUDUDDL
              60400 UDUDUDDL
              60450 DDUDUDDL
              60500 UDUDUDDL
              60550 DDUDUDDL
              60600 UDUDUDDL
              60650 DDUDUDDL
              60700 UDUDUDDL
              60750 DDUDUDDL
              60800 UDUDUDDL
              60850 DDUDUDDL
              60900 UDUDUDDL
              60950 DDUDUDDL
              61000 UDUDUDDL
              61050 DDUDUDDL
              61100 UDUDUDDL
              61150 DDUDUDDL
              61200 UDUDUDDH
              61250 DDUDUDDH
              61300 UDUDUDDH
              61350 DDUDUDDH
              61400 UDUDUDDH
              61450 DDUDUDDH
              61500 UDUDUDDH
              61550 DDUDUDDH
              61600 UDUDUDDL
              61650 DDUDUDDL
              61700 UDUDUDDL
              61750 DDUDUDDL
              61800 UDUDUDDL
              61850 DDUDUDDL
              61900 UDUDUDDL
              61950 DDUDUDDL
              62000 UDUDUDDL
              62050 DDUDUDDL
              62100 UDUDUDDL
              62150 DDUDUDDL
              62200 UDUDUDDL
              62250 DDUDUDDL
              62300 UDUDUDDL
              62350 DDUDUDDL
              62400 UDUDUDDL
              62450 DDUDUDDL
              62500 UDUDUDDL
              62550 DDUDUDDL
              62600 UDUDUDDL
              62650 DDUDUDDL
              62700 UDUDUDDL
              62750 DDUDUDDL
              62800 UDUDUDDH
              62850 DDUDUDDH
              62900 UDUDUDDH
              62950 DDUDUDDH
              63000 UDUDUDDH
              63050 DDUDUDDH
              63100 UDUDUDDH
              63150 DDUDUDDH
              63200 UDUDUDDL
              63250 DDUDUDDL
              63300 UDUDUDDL
              63350 DDUDUDDL
              63400 UDUDUDDL
              63450 DDUDUDDL
              63500 UDUDUDDL
              63550 DDUDUDDL
              63600 UDUDUDDL
              63650 DDUDUDDL
              63700 UDUDUDDL
              63750 DDUDUDDL
              63800 UDUDUDDL
              63850 DDUDUDDL
              63900 UDUDUDDL
              63950 DDUDUDDL
              64000 UDUDUDDL
              64050 DDUDUDDL
              64100 UDUDUDDL
              64150 DDUDUDDL
              64200 UDUDUDDL
              64250 DDUDUDDL
              64300 UDUDUDDL
              64350 DDUDUDDL
              64400 UDUDUDDH
              64450 DDUDUDDH
              64500 UDUDUDDH
              64550 DDUDUDDH
              64600 UDUDUDDH
              64650 DDUDUDDH
              64700 UDUDUDDH
              64750 DDUDUDDH
              64800 UDUDUDDL
              64850 DDUDUDDL
              64900 UDUDUDDL
              64950 DDUDUDDL
              65000 UDUDUDDL
              65050 DDUDUDDL
              65100 UDUDUDDL
              65150 DDUDUDDL
              65200 UDUDUDDL
              65250 DDUDUDDL
              65300 UDUDUDDL
              65350 DDUDUDDL
              65400 UDUDUDDL
              65450 DDUDUDDL
              65500 UDUDUDDL
              65550 DDUDUDDL
              65600 UDUDUDDL
              65650 DDUDUDDL
              65700 UDUDUDDL
              65750 DDUDUDDL
              65800 UDUDUDDL
              65850 DDUDUDDL
              65900 UDUDUDDL
              65950 DDUDUDDL
              66000 UDUDUDDH
              66050 DDUDUDDH
              66100 UDUDUDDH
              66150 DDUDUDDH
              66200 UDUDUDDH
              66250 DDUDUDDH
              66300 UDUDUDDH
              66350 DDUDUDDH
              66400 UDUDUDDL
              66450 DDUDUDDL
              66500 UDUDUDDL
              66550 DDUDUDDL
              66600 UDUDUDDL
              66650 DDUDUDDL
              66700 UDUDUDDL
              66750 DDUDUDDL
              66800 UDUDUDDL
              66850 DDUDUDDL
              66900 UDUDUDDL
              66950 DDUDUDDL
              67000 UDUDUDDL
              67050 DDUDUDDL
              67100 UDUDUDDL
              67150 DDUDUDDL
              67200 UDUDUDDL
              67250 DDUDUDDL
              67300 UDUDUDDL
              67350 DDUDUDDL
              67400 UDUDUDDL
              67450 DDUDUDDL
              67500 UDUDUDDL
              67550 DDUDUDDL
              67600 UDUDUDDH
              67650 DDUDUDDH
              67700 UDUDUDDH
              67750 DDUDUDDH
              67800 UDUDUDDH
              67850 DDUDUDDH
              67900 UDUDUDDH
              67950 DDUDUDDH
              68000 UDUDUDDL
              68050 DDUDUDDL
              68100 UDUDUDDL
              68150 DDUDUDDL
              68200 UDUDUDDL
              68250 DDUDUDDL
              68300 UDUDUDDL
              68350 DDUDUDDL
              68400 UDUDUDDL
              68450 DDUDUDDL
              68500 UDUDUDDL
              68550 DDUDUDDL
              68600 UDUDUDDL
              68650 DDUDUDDL
              68700 UDUDUDDL
              68750 DDUDUDDL
              68800 UDUDUDDL
              68850 DDUDUDDL
              68900 UDUDUDDL
              68950 DDUDUDDL
              69000 UDUDUDDL
              69050 DDUDUDDL
              69100 UDUDUDDL
              69150 DDUDUDDL
              69200 UDUDUDDH
              69250 DDUDUDDH
              69300 UDUDUDDH
              69350 DDUDUDDH
              69400 UDUDUDDH
              69450 DDUDUDDH
              69500 UDUDUDDH
              69550 DDUDUDDH
              69600 UDUDUDDL
              69650 DDUDUDDL
              69700 UDUDUDDL
              69750 DDUDUDDL
              69800 UDUDUDDL
              69850 DDUDUDDL
              69900 UDUDUDDL
              69950 DDUDUDDL
              70000 UDUDUDDL
