                  0 UDDDDDUUUUUUUXXXXXXXX
                 10 DDDDDDUUUUUUUXXXXXXXX
                 20 UDDUUUDDUDUDUXXXXXXXX
                 26 UDDUUUDDUDUDULLLLLLLL
                 27 UDDUUUDDUDUDUXXXXXXXX
                 30 DDDUUUDDUDUDUXXXXXXXX
                 40 UDUDUUUUDDUUUXXXXXXXX
                 46 UDUDUUUUDDUUULLLLLLLL
                 47 UDUDUUUUDDUUUXXXXXXXX
                 50 DDUDUUUUDDUUUXXXXXXXX
                 60 UDUUDUDUDDUUUXXXXXXXX
                 66 UDUUDUDUDDUUULLLLLLLL
                 67 UDUUDUDUDDUUUXXXXXXXX
                 70 DDUUDUDUDDUUUXXXXXXXX
                 80 UDUUDUDUDDUUUXXXXXXXX
                 88 UDUUDUDUDDUUULHLHLLHH
                 90 DDUUDUDUDDUUULHLHLLHH
                100 UDUUDUDUDDUUULHLHLLHH
                110 DDUUDUDUDDUUULHLHLLHH
                120 UDUUDUDUDDUUULHLHLLHH
                130 DDUUDUDUDDUUULHLHLLHH
                140 UDUUDUDUDDUUULHLHLLHH
                150 DDUUDUDUDDUUULHLHLLHH
                160 UDDDDUDUDDUUULHLHLLHH
                166 UDDDDUDUDDUUULHHHHHHH
                167 UDDDDUDUDDUUULLHHHHHH
                170 DDDDDUDUDDUUULLHHHHHH
                180 UDDDDUDUDDUUULLHHHHHH
                188 UDDDDUDUDDUUULHLHLLHH
                190 DDDDDUDUDDUUULHLHLLHH
                200 UDDUDUDUDDUUULHLHLLHH
                206 UDDUDUDUDDUUULLLLLLLL
                207 UDDUDUDUDDUUUHHLLHLHL
                210 DDDUDUDUDDUUUHHLLHLHL
                220 UDDUDUDUDDUUUHHLLHLHL
                228 UDDUDUDUDDUUULHLHLLHH
                230 DDDUDUDUDDUUULHLHLLHH
                240 UDUDDUDUDDUUULHLHLLHH
                246 UDUDDUDUDDUUULLLLLLLL
                247 UDUDDUDUDDUUUHHHHLLHH
                250 DDUDDUDUDDUUUHHHHLLHH
                260 UDUDDUDUDDUUUHHHHLLHH
                268 UDUDDUDUDDUUULHLHLLHH
                270 DDUDDUDUDDUUULHLHLLHH
                280 UDUUDUDUDDUUULHLHLLHH
                286 UDUUDUDUDDUUULLLLLLLL
                287 UDUUDUDUDDUUULHLHLLHH
                290 DDUUDUDUDDUUULHLHLLHH
                300 UDUUDUDUDDUUULHLHLLHH
                310 DDUUDUDUDDUUULHLHLLHH
                320 UDDDDDUUUUUUULHLHLLHH
                330 DDDDDDUUUUUUULHLHLLHH
                340 UDDUUUDDUDUDULHLHLLHH
