                  0 UUUUUDDDDUDUDUDUDUDDDDLXXXXXXXLLLL
                 50 DUUUUDDDDUDUDUDUDUDDDDLHHHHLLLLLLL
                100 UUUUUDDDDUDUDUDUDDDDDDLHHHHLLLLLLL
                150 DUUUUDDDDUDUDUDUDDDDDDLHHHHLLLLLLL
                200 UUUUUDDDDUDUDUDUDDDDDUHHHLLLLLLLLL
                250 DUUUUDDDDUDUDUDUDDDDDUHHHLLLLLLLLH
                300 UUUUUDDDDUDUDUDUDDDDDUHHHLLLLLLLLH
                350 DUUUUDDDDUDUDUDUDDDDDUHHHLLLLLLLLH
                400 UUUUUDDDDUDUDUDUDDDDUDLHLHLHLHLLLL
                450 DUUUUDDDDUDUDUDUDDDDUDLHLHLHLHLLLL
                500 UUUUUDDDDUDUDUDUDDDDUDLHLHLHLHLLLL
                550 DUUUUDDDDUDUDUDUDDDDUDLHLHLHLHLLLL
                600 UUUUUDDDDUDUDUDUDDDDUULHLHLHLLLLLL
                650 DUUUUDDDDUDUDUDUDDDDUULHLHLHLLLLLL
                700 UUUUUDDDDUDUDUDUDDDDUULHLHLHLLLLLL
                750 DUUUUDDDDUDUDUDUDDDDUULHLHLHLLLLLL
                800 UUUUUDDDDUDUDUDUDDDUDDHLLHHLHLLLLL
                850 DUUUUDDDDUDUDUDUDDDUDDHLLHHLHLLLLH
                900 UUUUUDDDDUDUDUDUDDDUDDHLLHHLHHLLLH
                950 DUUUUDDDDUDUDUDUDDDUDDHLLHHLHHLLLH
               1000 UUUUUDDDDUDUDUDUDDDUDULHLLLHHLLLLL
               1050 DUUUUDDDDUDUDUDUDDDUDULHLLLHHLLLLL
               1100 UUUUUDDDDUDUDUDUDDDUDULHLLLHHLLLLL
               1150 DUUUUDDDDUDUDUDUDDDUDULHLLLHHLLLLL
               1200 UUUUUDDDDUDUDUDUDDDUUDLLLLLLLLLLLL
               1250 DUUUUDDDDUDUDUDUDDDUUDLLLLLLLLLLLL
               1300 UUUUUDDDDUDUDUDUDDDUUDLLLLLLLLLLLL
               1350 DUUUUDDDDUDUDUDUDDDUUDLLLLLLLLLLLL
               1400 UUUUUDDDDUDUDUDUDDDUUUHLHHHLHLLLLL
               1450 DUUUUDDDDUDUDUDUDDDUUUHLHHHLHLLLLL
               1500 UUUUUDDDDUDUDUDUDDDUUUHLHHHLHLLLLL
               1550 DUUUUDDDDUDUDUDUDDDUUUHLHHHLHLLLLL
               1600 UUUUUDDDDUDUDUDUDDUDDDHLHLLLLLLLLL
               1650 DUUUUDDDDUDUDUDUDDUDDDHLHLLLLLLLLL
               1700 UUUUUDDDDUDUDUDUDDUDDDHLHLLLLLLLLL
               1750 DUUUUDDDDUDUDUDUDDUDDDHLHLLLLLLLLL
               1800 UUUUUDDDDUDUDUDUDDUDDULLLLLLLLLLLL
               1850 DUUUUDDDDUDUDUDUDDUDDULLLLLLLLLLLL
               1900 UUUUUDDDDUDUDUDUDDUDDULLLLLLLLLLLL
               1950 DUUUUDDDDUDUDUDUDDUDDULLLLLLLLLLLL
               2000 UUUUUDDDDUDUDUDUDDUDUDHHHHHLHLLLLL
               2050 DUUUUDDDDUDUDUDUDDUDUDHHHHHLHLLLLL
               2100 UUUUUDDDDUDUDUDUDDUDUDHHHHHLHLLLLL
               2150 DUUUUDDDDUDUDUDUDDUDUDHHHHHLHLLLLL
               2200 UUUUUDDDDUDUDUDUDDUDUULHLHHLHLLLLL
               2250 DUUUUDDDDUDUDUDUDDUDUULHLHHLHLLLLL
               2300 UUUUUDDDDUDUDUDUDDUDUULHLHHLHLLLLL
               2350 DUUUUDDDDUDUDUDUDDUDUULHLHHLHLLLLL
               2400 UUUUUDDDDUDUDUDUDDUUDDHLHLLHLHLLLL
               2450 DUUUUDDDDUDUDUDUDDUUDDHLHLLHLHLLLL
               2500 UUUUUDDDDUDUDUDUDDUUDDHLHLLHLHLLLL
               2550 DUUUUDDDDUDUDUDUDDUUDDHLHLLHLHLLLL
               2600 UUUUUDDDDUDUDUDUDDUUDULHLHHHHHLLLL
               2650 DUUUUDDDDUDUDUDUDDUUDULHLHHHHHLLLL
               2700 UUUUUDDDDUDUDUDUDDUUDULHLHHHHHLLLL
               2750 DUUUUDDDDUDUDUDUDDUUDULHLHHHHHLLLL
               2800 UUUUUDDDDUDUDUDUDDUUUDLLLLLHLHLLLL
               2850 DUUUUDDDDUDUDUDUDDUUUDLLLLLHLHLLLL
               2900 UUUUUDDDDUDUDUDUDDUUUDLLLLLHLHLLLL
               2950 DUUUUDDDDUDUDUDUDDUUUDLLLLLHLHLLLL
               3000 UUUUUDDDDUDUDUDUDDUUUULLLLLLLLLLLL
               3050 DUUUUDDDDUDUDUDUDDUUUULLLLLLLLLLLL
               3100 UUUUUDDDDUDUDUDUDDUUUULLLLLLLLLLLL
               3150 DUUUUDDDDUDUDUDUDDUUUULLLLLLLLLLLL
               3200 UUUUUDDDDUDUDUDUDDUUUULLLLLLLLLLLL
               3250 DUUUUDDDDUDUDUDUDDUUUULLLLLLLLLLLL
               3300 UUUUUDDDDUDUDUDUDDUUUULLLLLLLLLLLL
               3350 DUUUUDDDDUDUDUDUDDUUUULLLLLLLLLLLL
               3400 UUUUUDDDDUDUDUDUDDUUUULLLLLLLLLLLL
               3450 DUUUUDDDDUDUDUDUDDUUUULLLLLLLLLLLL
               3500 UUUUUDDDDUDUDUDUDDUUUULLLLLLLLLLLL
               3550 DUUUUDDDDUDUDUDUDDUUUULLLLLLLLLLLL
               3600 UUUUUDDDDUDUDUDUDDUUUULLLLLLLLLLLL
               3650 DUUUUDDDDUDUDUDUDDUUUULLLLLLLLLLLL
               3700 UUUUUDDDDUDUDUDUDDUUUULLLLLLLLLLLL
               3750 DUUUUDDDDUDUDUDUDDUUUULLLLLLLLLLLL
               3800 UUUUUDDDDUDUDUDUDDUUUULLLLLLLLLLLL
               3850 DUUUUDDDDUDUDUDUDDUUUULLLLLLLLLLLL
               3900 UUUUUDDDDUDUDUDUDDUUUULLLLLLLLLLLL
               3950 DUUUUDDDDUDUDUDUDDUUUULLLLLLLLLLLL
               4000 UUUUUDDDDUDUDUDUDDUUUULLLLLLLLLLLL
