                  0 UDDDDUUDDDDUXXXXXXXX
                 10 DDDDDUUDDDDUXXXXXXXX
                 20 UDUUUDDDDDDUXXXXXXXX
                 30 DDUUUDDDDDDUXXXXXXXX
                 40 UUDUUUUDDDDUXXXXXXXX
                 50 DUDUUUUDDDDUXXXXXXXX
                 60 UUUDDDDDDDDUXXXXXXXX
                 70 DUUDDDDDDDDUXXXXXXXX
                 80 UUUDDDDDDDDDXXXXXXXX
                 90 DUUDDDDDDDDDXXXXXXXX
                100 UUUDDDDDDDDDXXXXXXXX
                110 DUUDDDDDDDDDXXXXXXXX
                120 UUUDDDDDDDDDXXXXXXXX
                130 DUUDDDDDDDDDXXXXXXXX
                140 UUUDDDDDDDDDXXXXXXXX
                150 DUUDDDDDDDDDXXXXXXXX
                160 UDDDDDDDDDDDLLHHLLLL
                170 DDDDDDDDDDDDLLHHLLLL
                180 UDDDDDDDDDDDLLHHLLLL
                190 DDDDDDDDDDDDLLHHLLLL
                200 UDUDDDDDDDDDHHLLLLLL
                210 DDUDDDDDDDDDHHLLLLLL
                220 UDUDDDDDDDDDHHLLLLLL
                230 DDUDDDDDDDDDHHLLLLLL
                240 UUDDDDDDDDDDHHHHLLLL
                250 DUDDDDDDDDDDHHHHLLLL
                260 UUDDDDDDDDDDHHHHLLLL
                270 DUDDDDDDDDDDHHHHLLLL
                280 UUUDDDDDDDDDLLLLLLLL
                290 DUUDDDDDDDDDLLLLLLLL
                300 UUUDDDDDDDDDLLLLLLLL
                310 DUUDDDDDDDDDLLLLLLLL
                320 UDDDDUUDDDDULLHHLLLL
                330 DDDDDUUDDDDULLHHLLLL
                340 UDUUUDDDDDDUHHLLLLLL
