                  0 UDDDDUUUUUUUXXXXXXXX
                 10 DDDDDUUUUUUUXXXXXXXX
                 20 UDUUUDDUDUDUXXXXXXXX
                 30 DDUUUDDUDUDUXXXXXXXX
                 40 UUDUUUUDDUUUXXXXXXXX
                 50 DUDUUUUDDUUUXXXXXXXX
                 60 UUUDUDUDDUUUXXXXXXXX
                 70 DUUDUDUDDUUUXXXXXXXX
                 80 UUUDUDUDDUUDXXXXXXXX
                 90 DUUDUDUDDUUDXXXXXXXX
                100 UUUDUDUDDUUDXXXXXXXX
                110 DUUDUDUDDUUDXXXXXXXX
                120 UUUDUDUDDUUDXXXXXXXX
                130 DUUDUDUDDUUDXXXXXXXX
                140 UUUDUDUDDUUDXXXXXXXX
                150 DUUDUDUDDUUDXXXXXXXX
                160 UDDDUDUDDUUDLLHHHHHH
                170 DDDDUDUDDUUDLLHHHHHH
                180 UDDDUDUDDUUDLLHHHHHH
                190 DDDDUDUDDUUDLLHHHHHH
                200 UDUDUDUDDUUDHHLLHLHL
                210 DDUDUDUDDUUDHHLLHLHL
                220 UDUDUDUDDUUDHHLLHLHL
                230 DDUDUDUDDUUDHHLLHLHL
                240 UUDDUDUDDUUDHHHHLLHH
                250 DUDDUDUDDUUDHHHHLLHH
                260 UUDDUDUDDUUDHHHHLLHH
                270 DUDDUDUDDUUDHHHHLLHH
                280 UUUDUDUDDUUDLHLHLLHH
                290 DUUDUDUDDUUDLHLHLLHH
                300 UUUDUDUDDUUDLHLHLLHH
                310 DUUDUDUDDUUDLHLHLLHH
                320 UDDDDUUUUUUULLHHHHHH
                330 DDDDDUUUUUUULLHHHHHH
                340 UDUUUDDUDUDUHHLLHLHL
                350 DDUUUDDUDUDUHHLLHLHL
                360 UUDUUUUDDUUUHHHHLLHH
                370 DUDUUUUDDUUUHHHHLLHH
                380 UUUDUDUDDUUULHLHLLHH
                390 DUUDUDUDDUUULHLHLLHH
                400 UUUDUDUDDUUDLHLHLLHH
                410 DUUDUDUDDUUDLHLHLLHH
                420 UUUDUDUDDUUDLHLHLLHH
                430 DUUDUDUDDUUDLHLHLLHH
                440 UUUDUDUDDUUDLHLHLLHH
                450 DUUDUDUDDUUDLHLHLLHH
                460 UUUDUDUDDUUDLHLHLLHH
                470 DUUDUDUDDUUDLHLHLLHH
                480 UDDDUDUDDUUDLLHHHHHH
                490 DDDDUDUDDUUDLLHHHHHH
                500 UDDDUDUDDUUDLLHHHHHH
                510 DDDDUDUDDUUDLLHHHHHH
                520 UDUDUDUDDUUDHHLLHLHL
                530 DDUDUDUDDUUDHHLLHLHL
                540 UDUDUDUDDUUDHHLLHLHL
                550 DDUDUDUDDUUDHHLLHLHL
                560 UUDDUDUDDUUDHHHHLLHH
                570 DUDDUDUDDUUDHHHHLLHH
                580 UUDDUDUDDUUDHHHHLLHH
                590 DUDDUDUDDUUDHHHHLLHH
                600 UUUDUDUDDUUDLHLHLLHH
