# Tabular Link File created on Thu 26 Sep 2013 11:01:17
# By Program: design_flow
# From Source: /home/khogenhout/GitHub/DaC/hardware/opdracht3/alu3/alu.lst
# Clock_column: 19
INP input_a_7_0_7;
INP input_a_7_0_6;
INP input_a_7_0_5;
INP input_a_7_0_4;
INP input_a_7_0_3;
INP input_a_7_0_2;
INP input_a_7_0_1;
INP input_a_7_0_0;
INP input_b_7_0_7;
INP input_b_7_0_6;
INP input_b_7_0_5;
INP input_b_7_0_4;
INP input_b_7_0_3;
INP input_b_7_0_2;
INP input_b_7_0_1;
INP input_b_7_0_0;
INP op_3_0_3;
INP op_3_0_2;
INP op_3_0_1;
INP op_3_0_0;
OUT output_r_7_0_7;
OUT output_r_7_0_6;
OUT output_r_7_0_5;
OUT output_r_7_0_4;
OUT output_r_7_0_3;
OUT output_r_7_0_2;
OUT output_r_7_0_1;
OUT output_r_7_0_0;
OUT status_d_3_0_3;
OUT status_d_3_0_2;
OUT status_d_3_0_1;
OUT status_d_3_0_0;
PERIOD 400ns;
TIME_UNIT 1.0e-10s;
TABLE_FORMAT D<32c;
DATA_SECTION
             00<HHHHLLLLHLHLHLHLLLLLlhhhhlllllll
           2000<HHHHLLLLHLHLHLHLLLLHhhhllllllllh
           4000<HHHHLLLLHLHLHLHLLLHLlhlhlhlhllll
           6000<HHHHLLLLHLHLHLHLLLHHlhlhlhlllllh
           8000<HHHHLLLLHLHLHLHLLHLLhllhhlhhlllh
          10000<HHHHLLLLHLHLHLHLLHLHlhlllhhlllll
          12000<HHHHLLLLHLHLHLHLLHHLllllllllllll
          14000<HHHHLLLLHLHLHLHLLHHHhlhhhlhlllll
          16000<HHHHLLLLHLHLHLHLHLLLhlhlllllllll
          18000<HHHHLLLLHLHLHLHLHLLHllllllllllll
          20000<HHHHLLLLHLHLHLHLHLHLhhhhhlhlllll
          22000<HHHHLLLLHLHLHLHLHLHHlhlhhlhlllll
          24000<HHHHLLLLHLHLHLHLHHLLhlhllhlhllll
          26000<HHHHLLLLHLHLHLHLHHLHlhlhhhhhllll
          28000<HHHHLLLLHLHLHLHLHHHLlllllhlhllll
          30000<HHHHLLLLHLHLHLHLHHHHllllllllllll


